Archive member included to satisfy reference by file (symbol)

/usr/lib/gcc/arm-none-eabi/9.2.1/thumb/v7e-m+fp/softfp/libgcc.a(_aeabi_uldivmod.o)
                              build/tsb0//home/karl/SimplicityStudio_v5/developer/sdks/gecko_sdk_suite/v3.2/platform/emlib/src/em_usart.o (__aeabi_uldivmod)
/usr/lib/gcc/arm-none-eabi/9.2.1/thumb/v7e-m+fp/softfp/libgcc.a(_udivmoddi4.o)
                              /usr/lib/gcc/arm-none-eabi/9.2.1/thumb/v7e-m+fp/softfp/libgcc.a(_aeabi_uldivmod.o) (__udivmoddi4)
/usr/lib/gcc/arm-none-eabi/9.2.1/thumb/v7e-m+fp/softfp/libgcc.a(_dvmd_tls.o)
                              /usr/lib/gcc/arm-none-eabi/9.2.1/thumb/v7e-m+fp/softfp/libgcc.a(_aeabi_uldivmod.o) (__aeabi_ldiv0)
/usr/lib/gcc/arm-none-eabi/9.2.1/../../../arm-none-eabi/lib/thumb/v7e-m+fp/softfp/libg.a(lib_a-fflush.o)
                              build/tsb0/i2c_demo_main.o (fflush)
/usr/lib/gcc/arm-none-eabi/9.2.1/../../../arm-none-eabi/lib/thumb/v7e-m+fp/softfp/libg.a(lib_a-findfp.o)
                              /usr/lib/gcc/arm-none-eabi/9.2.1/../../../arm-none-eabi/lib/thumb/v7e-m+fp/softfp/libg.a(lib_a-fflush.o) (__sinit)
/usr/lib/gcc/arm-none-eabi/9.2.1/../../../arm-none-eabi/lib/thumb/v7e-m+fp/softfp/libg.a(lib_a-freer.o)
                              /usr/lib/gcc/arm-none-eabi/9.2.1/../../../arm-none-eabi/lib/thumb/v7e-m+fp/softfp/libg.a(lib_a-fflush.o) (_free_r)
/usr/lib/gcc/arm-none-eabi/9.2.1/../../../arm-none-eabi/lib/thumb/v7e-m+fp/softfp/libg.a(lib_a-fwalk.o)
                              /usr/lib/gcc/arm-none-eabi/9.2.1/../../../arm-none-eabi/lib/thumb/v7e-m+fp/softfp/libg.a(lib_a-findfp.o) (_fwalk)
/usr/lib/gcc/arm-none-eabi/9.2.1/../../../arm-none-eabi/lib/thumb/v7e-m+fp/softfp/libg.a(lib_a-fwrite.o)
                              build/tsb0/i2c_demo_main.o (fwrite)
/usr/lib/gcc/arm-none-eabi/9.2.1/../../../arm-none-eabi/lib/thumb/v7e-m+fp/softfp/libg.a(lib_a-impure.o)
                              /usr/lib/gcc/arm-none-eabi/9.2.1/../../../arm-none-eabi/lib/thumb/v7e-m+fp/softfp/libg.a(lib_a-fflush.o) (_global_impure_ptr)
/usr/lib/gcc/arm-none-eabi/9.2.1/../../../arm-none-eabi/lib/thumb/v7e-m+fp/softfp/libg.a(lib_a-mallocr.o)
                              /usr/lib/gcc/arm-none-eabi/9.2.1/../../../arm-none-eabi/lib/thumb/v7e-m+fp/softfp/libg.a(lib_a-findfp.o) (_malloc_r)
/usr/lib/gcc/arm-none-eabi/9.2.1/../../../arm-none-eabi/lib/thumb/v7e-m+fp/softfp/libg.a(lib_a-memcpy.o)
                              build/tsb0//home/karl/node-apps/zoo/FreeRTOS-Kernel/queue.o (memcpy)
/usr/lib/gcc/arm-none-eabi/9.2.1/../../../arm-none-eabi/lib/thumb/v7e-m+fp/softfp/libg.a(lib_a-memset.o)
                              build/tsb0/i2c_demo_main.o (memset)
/usr/lib/gcc/arm-none-eabi/9.2.1/../../../arm-none-eabi/lib/thumb/v7e-m+fp/softfp/libg.a(lib_a-mlock.o)
                              /usr/lib/gcc/arm-none-eabi/9.2.1/../../../arm-none-eabi/lib/thumb/v7e-m+fp/softfp/libg.a(lib_a-freer.o) (__malloc_lock)
/usr/lib/gcc/arm-none-eabi/9.2.1/../../../arm-none-eabi/lib/thumb/v7e-m+fp/softfp/libg.a(lib_a-sbrkr.o)
                              /usr/lib/gcc/arm-none-eabi/9.2.1/../../../arm-none-eabi/lib/thumb/v7e-m+fp/softfp/libg.a(lib_a-freer.o) (_sbrk_r)
/usr/lib/gcc/arm-none-eabi/9.2.1/../../../arm-none-eabi/lib/thumb/v7e-m+fp/softfp/libg.a(lib_a-setvbuf.o)
                              build/tsb0//home/karl/SimplicityStudio_v5/developer/sdks/gecko_sdk_suite/v3.2/hardware/kit/common/drivers/retargetserial.o (setvbuf)
/usr/lib/gcc/arm-none-eabi/9.2.1/../../../arm-none-eabi/lib/thumb/v7e-m+fp/softfp/libg.a(lib_a-snprintf.o)
                              build/tsb0//home/karl/node-apps/zoo/thinnect.lll/logging/loggers_ext.o (snprintf)
/usr/lib/gcc/arm-none-eabi/9.2.1/../../../arm-none-eabi/lib/thumb/v7e-m+fp/softfp/libg.a(lib_a-stdio.o)
                              /usr/lib/gcc/arm-none-eabi/9.2.1/../../../arm-none-eabi/lib/thumb/v7e-m+fp/softfp/libg.a(lib_a-findfp.o) (__sread)
/usr/lib/gcc/arm-none-eabi/9.2.1/../../../arm-none-eabi/lib/thumb/v7e-m+fp/softfp/libg.a(lib_a-svfprintf.o)
                              /usr/lib/gcc/arm-none-eabi/9.2.1/../../../arm-none-eabi/lib/thumb/v7e-m+fp/softfp/libg.a(lib_a-snprintf.o) (_svfprintf_r)
/usr/lib/gcc/arm-none-eabi/9.2.1/../../../arm-none-eabi/lib/thumb/v7e-m+fp/softfp/libg.a(lib_a-vsnprintf.o)
                              build/tsb0//home/karl/node-apps/zoo/thinnect.lll/logging/loggers_ext.o (vsnprintf)
/usr/lib/gcc/arm-none-eabi/9.2.1/../../../arm-none-eabi/lib/thumb/v7e-m+fp/softfp/libg.a(lib_a-writer.o)
                              /usr/lib/gcc/arm-none-eabi/9.2.1/../../../arm-none-eabi/lib/thumb/v7e-m+fp/softfp/libg.a(lib_a-stdio.o) (_write_r)
/usr/lib/gcc/arm-none-eabi/9.2.1/../../../arm-none-eabi/lib/thumb/v7e-m+fp/softfp/libg.a(lib_a-closer.o)
                              /usr/lib/gcc/arm-none-eabi/9.2.1/../../../arm-none-eabi/lib/thumb/v7e-m+fp/softfp/libg.a(lib_a-stdio.o) (_close_r)
[...]
Memory Configuration

Name             Origin             Length             Attributes
FLASH            0x0000000000000000 0x0000000000100000 xr
RAM              0x0000000020000000 0x0000000000040000 xrw
*default*        0x0000000000000000 0xffffffffffffffff

Linker script and memory map

LOAD build/tsb0/i2c_demo_main.o
LOAD build/tsb0/i2c_handler.o
LOAD build/tsb0//home/karl/node-apps/zoo/FreeRTOS-Kernel/portable/GCC/ARM_CM4F/port.o
LOAD build/tsb0//home/karl/node-apps/zoo/FreeRTOS-Kernel/portable/MemMang/heap_5.o
LOAD build/tsb0//home/karl/node-apps/zoo/FreeRTOS-Kernel/queue.o
LOAD build/tsb0//home/karl/node-apps/zoo/FreeRTOS-Kernel/croutine.o
LOAD build/tsb0//home/karl/node-apps/zoo/FreeRTOS-Kernel/list.o
LOAD build/tsb0//home/karl/node-apps/zoo/FreeRTOS-Kernel/stream_buffer.o
LOAD build/tsb0//home/karl/node-apps/zoo/FreeRTOS-Kernel/event_groups.o
LOAD build/tsb0//home/karl/node-apps/zoo/FreeRTOS-Kernel/tasks.o
LOAD build/tsb0//home/karl/node-apps/zoo/FreeRTOS-Kernel/timers.o
LOAD build/tsb0//home/karl/node-apps/zoo/thinnect.cmsis-freertos/CMSIS-FreeRTOS/CMSIS/RTOS2/FreeRTOS/Source/cmsis_os2.o
LOAD build/tsb0//home/karl/SimplicityStudio_v5/developer/sdks/gecko_sdk_suite/v3.2/hardware/kit/common/drivers/retargetserial.o
LOAD build/tsb0//home/karl/SimplicityStudio_v5/developer/sdks/gecko_sdk_suite/v3.2/hardware/kit/common/drivers/retargetio.o
LOAD build/tsb0//home/karl/SimplicityStudio_v5/developer/sdks/gecko_sdk_suite/v3.2/platform/emlib/src/em_system.o
LOAD build/tsb0//home/karl/SimplicityStudio_v5/developer/sdks/gecko_sdk_suite/v3.2/platform/emlib/src/em_core.o
LOAD build/tsb0//home/karl/SimplicityStudio_v5/developer/sdks/gecko_sdk_suite/v3.2/platform/emlib/src/em_emu.o
LOAD build/tsb0//home/karl/SimplicityStudio_v5/developer/sdks/gecko_sdk_suite/v3.2/platform/emlib/src/em_cmu.o
LOAD build/tsb0//home/karl/SimplicityStudio_v5/developer/sdks/gecko_sdk_suite/v3.2/platform/emlib/src/em_rmu.o
LOAD build/tsb0//home/karl/SimplicityStudio_v5/developer/sdks/gecko_sdk_suite/v3.2/platform/emlib/src/em_gpio.o
LOAD build/tsb0//home/karl/SimplicityStudio_v5/developer/sdks/gecko_sdk_suite/v3.2/platform/emlib/src/em_usart.o
LOAD build/tsb0//home/karl/SimplicityStudio_v5/developer/sdks/gecko_sdk_suite/v3.2/platform/emlib/src/em_msc.o
LOAD build/tsb0//home/karl/SimplicityStudio_v5/developer/sdks/gecko_sdk_suite/v3.2/platform/emlib/src/em_timer.o
LOAD build/tsb0//home/karl/SimplicityStudio_v5/developer/sdks/gecko_sdk_suite/v3.2/platform/emlib/src/em_i2c.o
LOAD build/tsb0//home/karl/node-apps/zoo/thinnect.node-platform/silabs/logger_fwrite.o
LOAD build/tsb0//home/karl/node-apps/zoo/thinnect.lll/logging/loggers_ext.o
LOAD build/tsb0//home/karl/node-apps/zoo/thinnect.device-signature/signature/DeviceSignature.o
LOAD build/tsb0//home/karl/node-apps/zoo/thinnect.device-signature/area/silabs/SignatureArea.o
LOAD build/tsb0//home/karl/node-apps/zoo/lammertb.libcrc/src/crcccitt.o
LOAD build/tsb0//home/karl/SimplicityStudio_v5/developer/sdks/gecko_sdk_suite/v3.2/platform/Device/SiliconLabs/EFR32MG12P/Source/GCC/startup_efr32mg12p.o
LOAD build/tsb0//home/karl/SimplicityStudio_v5/developer/sdks/gecko_sdk_suite/v3.2/platform/Device/SiliconLabs/EFR32MG12P/Source/system_efr32mg12p.o
LOAD build/tsb0//home/karl/node-apps/zoo/thinnect.dev-platforms/make/boards/../../src/boards/tsb0/platform.o
LOAD build/tsb0//home/karl/node-apps/zoo/thinnect.node-platform/silabs/platform_io.o
LOAD /usr/lib/gcc/arm-none-eabi/9.2.1/thumb/v7e-m+fp/softfp/libgcc.a
LOAD /usr/lib/gcc/arm-none-eabi/9.2.1/../../../arm-none-eabi/lib/thumb/v7e-m+fp/softfp/libm.a
LOAD /home/karl/SimplicityStudio_v5/developer/sdks/gecko_sdk_suite/v3.2/platform/CMSIS/Lib/GCC/libarm_cortexM4lf_math.a
LOAD /home/karl/SimplicityStudio_v5/developer/sdks/gecko_sdk_suite/v3.2/platform/radio/rail_lib/autogen/librail_release/librail_efr32xg12_gcc_release.a

.text           0x0000000000000000     0xe4ad
 *(.vectors)
 .vectors       0x0000000000000000      0x10c build/tsb0//home/karl/SimplicityStudio_v5/developer/sdks/gecko_sdk_suite/v3.2/platform/Device/SiliconLabs/EFR32MG12P/Source/GCC/startup_efr32mg12p.o
                0x0000000000000000                __Vectors
                0x000000000000010c                __Vectors_End = .
                0x000000000000010c                __Vectors_Size = (__Vectors_End - __Vectors)
                0x000000002000c5e0                __end__ = .
 *(.text*)
 .text.app_loop
                0x000000000000010c       0x24 build/tsb0/i2c_demo_main.o
                0x000000000000010c                app_loop
 .text.i2c_comm_loop
                0x0000000000000130      0x124 build/tsb0/i2c_demo_main.o
                0x0000000000000130                i2c_comm_loop
 .text.logger_fwrite_boot
                0x0000000000000254       0x34 build/tsb0/i2c_demo_main.o
                0x0000000000000254                logger_fwrite_boot
 .text.main     0x0000000000000288       0xd4 build/tsb0/i2c_demo_main.o
                0x0000000000000288                main
 .text.i2c_init
                0x000000000000035c       0x5c build/tsb0/i2c_handler.o
                0x000000000000035c                i2c_init
 .text.i2c_enable
                0x00000000000003b8       0x14 build/tsb0/i2c_handler.o
                0x00000000000003b8                i2c_enable
 .text.i2c_disable
                0x00000000000003cc       0x14 build/tsb0/i2c_handler.o
                0x00000000000003cc                i2c_disable
 .text.i2c_transaction
                0x00000000000003e0       0x38 build/tsb0/i2c_handler.o
                0x00000000000003e0                i2c_transaction
 .text.pxPortInitialiseStack
                0x0000000000000418       0x68 build/tsb0//home/karl/node-apps/zoo/FreeRTOS-Kernel/portable/GCC/ARM_CM4F/port.o
                0x0000000000000418                pxPortInitialiseStack
 .text.prvTaskExitError
                0x0000000000000480       0x48 build/tsb0//home/karl/node-apps/zoo/FreeRTOS-Kernel/portable/GCC/ARM_CM4F/port.o
 *fill*         0x00000000000004c8        0x8 
 .text.SVC_Handler
                0x00000000000004d0       0x28 build/tsb0//home/karl/node-apps/zoo/FreeRTOS-Kernel/portable/GCC/ARM_CM4F/port.o
                0x00000000000004d0                SVC_Handler
 .text.prvPortStartFirstTask
                0x00000000000004f8       0x28 build/tsb0//home/karl/node-apps/zoo/FreeRTOS-Kernel/portable/GCC/ARM_CM4F/port.o
 .text.xPortStartScheduler
                0x0000000000000520      0x10c build/tsb0//home/karl/node-apps/zoo/FreeRTOS-Kernel/portable/GCC/ARM_CM4F/port.o
                0x0000000000000520                xPortStartScheduler
 .text.vPortEnterCritical
                0x000000000000062c       0x50 build/tsb0//home/karl/node-apps/zoo/FreeRTOS-Kernel/portable/GCC/ARM_CM4F/port.o
                0x000000000000062c                vPortEnterCritical
 .text.vPortExitCritical
                0x000000000000067c       0x40 build/tsb0//home/karl/node-apps/zoo/FreeRTOS-Kernel/portable/GCC/ARM_CM4F/port.o
                0x000000000000067c                vPortExitCritical
 *fill*         0x00000000000006bc        0x4 
 .text.PendSV_Handler
                0x00000000000006c0       0x68 build/tsb0//home/karl/node-apps/zoo/FreeRTOS-Kernel/portable/GCC/ARM_CM4F/port.o
                0x00000000000006c0                PendSV_Handler
 .text.xPortSysTickHandler
                0x0000000000000728       0x44 build/tsb0//home/karl/node-apps/zoo/FreeRTOS-Kernel/portable/GCC/ARM_CM4F/port.o
                0x0000000000000728                xPortSysTickHandler
 .text.vPortSetupTimerInterrupt
                0x000000000000076c       0x48 build/tsb0//home/karl/node-apps/zoo/FreeRTOS-Kernel/portable/GCC/ARM_CM4F/port.o
                0x000000000000076c                vPortSetupTimerInterrupt
 .text.vPortEnableVFP
                0x00000000000007b4       0x14 build/tsb0//home/karl/node-apps/zoo/FreeRTOS-Kernel/portable/GCC/ARM_CM4F/port.o
 .text.vPortValidateInterruptPriority
                0x00000000000007c8       0x5c build/tsb0//home/karl/node-apps/zoo/FreeRTOS-Kernel/portable/GCC/ARM_CM4F/port.o
                0x00000000000007c8                vPortValidateInterruptPriority
 .text.pvPortMalloc
                0x0000000000000824      0x134 build/tsb0//home/karl/node-apps/zoo/FreeRTOS-Kernel/portable/MemMang/heap_5.o
                0x0000000000000824                pvPortMalloc
 .text.vPortFree
                0x0000000000000958       0xa0 build/tsb0//home/karl/node-apps/zoo/FreeRTOS-Kernel/portable/MemMang/heap_5.o
                0x0000000000000958                vPortFree
 .text.prvInsertBlockIntoFreeList
                0x00000000000009f8       0xb4 build/tsb0//home/karl/node-apps/zoo/FreeRTOS-Kernel/portable/MemMang/heap_5.o
 .text.vPortDefineHeapRegions
                0x0000000000000aac      0x14c build/tsb0//home/karl/node-apps/zoo/FreeRTOS-Kernel/portable/MemMang/heap_5.o
                0x0000000000000aac                vPortDefineHeapRegions
 .text.xQueueGenericReset
                0x0000000000000bf8       0xc0 build/tsb0//home/karl/node-apps/zoo/FreeRTOS-Kernel/queue.o
                0x0000000000000bf8                xQueueGenericReset
 .text.xQueueGenericCreateStatic
                0x0000000000000cb8       0x96 build/tsb0//home/karl/node-apps/zoo/FreeRTOS-Kernel/queue.o
                0x0000000000000cb8                xQueueGenericCreateStatic
 .text.xQueueGenericCreate
                0x0000000000000d4e       0x62 build/tsb0//home/karl/node-apps/zoo/FreeRTOS-Kernel/queue.o
                0x0000000000000d4e                xQueueGenericCreate
 .text.prvInitialiseNewQueue
                0x0000000000000db0       0x46 build/tsb0//home/karl/node-apps/zoo/FreeRTOS-Kernel/queue.o
 .text.prvInitialiseMutex
                0x0000000000000df6       0x34 build/tsb0//home/karl/node-apps/zoo/FreeRTOS-Kernel/queue.o
 .text.xQueueCreateMutex
                0x0000000000000e2a       0x30 build/tsb0//home/karl/node-apps/zoo/FreeRTOS-Kernel/queue.o
                0x0000000000000e2a                xQueueCreateMutex
 .text.xQueueCreateMutexStatic
                0x0000000000000e5a       0x36 build/tsb0//home/karl/node-apps/zoo/FreeRTOS-Kernel/queue.o
                0x0000000000000e5a                xQueueCreateMutexStatic
 .text.xQueueGiveMutexRecursive
                0x0000000000000e90       0x56 build/tsb0//home/karl/node-apps/zoo/FreeRTOS-Kernel/queue.o
                0x0000000000000e90                xQueueGiveMutexRecursive
 .text.xQueueTakeMutexRecursive
                0x0000000000000ee6       0x5a build/tsb0//home/karl/node-apps/zoo/FreeRTOS-Kernel/queue.o
                0x0000000000000ee6                xQueueTakeMutexRecursive
 .text.xQueueGenericSend
                0x0000000000000f40      0x1b4 build/tsb0//home/karl/node-apps/zoo/FreeRTOS-Kernel/queue.o
                0x0000000000000f40                xQueueGenericSend
 .text.xQueueGenericSendFromISR
                0x00000000000010f4      0x100 build/tsb0//home/karl/node-apps/zoo/FreeRTOS-Kernel/queue.o
                0x00000000000010f4                xQueueGenericSendFromISR
 .text.xQueueReceive
                0x00000000000011f4      0x188 build/tsb0//home/karl/node-apps/zoo/FreeRTOS-Kernel/queue.o
                0x00000000000011f4                xQueueReceive
 .text.xQueueSemaphoreTake
                0x000000000000137c      0x1d0 build/tsb0//home/karl/node-apps/zoo/FreeRTOS-Kernel/queue.o
                0x000000000000137c                xQueueSemaphoreTake
 .text.prvGetDisinheritPriorityAfterTimeout
                0x000000000000154c       0x30 build/tsb0//home/karl/node-apps/zoo/FreeRTOS-Kernel/queue.o
 .text.prvCopyDataToQueue
                0x000000000000157c       0xd4 build/tsb0//home/karl/node-apps/zoo/FreeRTOS-Kernel/queue.o
 .text.prvCopyDataFromQueue
                0x0000000000001650       0x4c build/tsb0//home/karl/node-apps/zoo/FreeRTOS-Kernel/queue.o
 .text.prvUnlockQueue
                0x000000000000169c       0xa4 build/tsb0//home/karl/node-apps/zoo/FreeRTOS-Kernel/queue.o
 .text.prvIsQueueEmpty
                0x0000000000001740       0x2c build/tsb0//home/karl/node-apps/zoo/FreeRTOS-Kernel/queue.o
 .text.prvIsQueueFull
                0x000000000000176c       0x30 build/tsb0//home/karl/node-apps/zoo/FreeRTOS-Kernel/queue.o
 .text.vQueueWaitForMessageRestricted
                0x000000000000179c       0x68 build/tsb0//home/karl/node-apps/zoo/FreeRTOS-Kernel/queue.o
                0x000000000000179c                vQueueWaitForMessageRestricted
 .text.vListInitialise
                0x0000000000001804       0x40 build/tsb0//home/karl/node-apps/zoo/FreeRTOS-Kernel/list.o
                0x0000000000001804                vListInitialise
 .text.vListInitialiseItem
                0x0000000000001844       0x1a build/tsb0//home/karl/node-apps/zoo/FreeRTOS-Kernel/list.o
                0x0000000000001844                vListInitialiseItem
 .text.vListInsertEnd
                0x000000000000185e       0x48 build/tsb0//home/karl/node-apps/zoo/FreeRTOS-Kernel/list.o
                0x000000000000185e                vListInsertEnd
 .text.vListInsert
                0x00000000000018a6       0x72 build/tsb0//home/karl/node-apps/zoo/FreeRTOS-Kernel/list.o
                0x00000000000018a6                vListInsert
 .text.uxListRemove
                0x0000000000001918       0x54 build/tsb0//home/karl/node-apps/zoo/FreeRTOS-Kernel/list.o
                0x0000000000001918                uxListRemove
 .text.xTaskCreateStatic
                0x000000000000196c       0x84 build/tsb0//home/karl/node-apps/zoo/FreeRTOS-Kernel/tasks.o
                0x000000000000196c                xTaskCreateStatic
 .text.xTaskCreate
                0x00000000000019f0       0x8a build/tsb0//home/karl/node-apps/zoo/FreeRTOS-Kernel/tasks.o
                0x00000000000019f0                xTaskCreate
 .text.prvInitialiseNewTask
                0x0000000000001a7a      0x112 build/tsb0//home/karl/node-apps/zoo/FreeRTOS-Kernel/tasks.o
 .text.prvAddNewTaskToReadyList
                0x0000000000001b8c       0xe0 build/tsb0//home/karl/node-apps/zoo/FreeRTOS-Kernel/tasks.o
 .text.vTaskDelay
                0x0000000000001c6c       0x58 build/tsb0//home/karl/node-apps/zoo/FreeRTOS-Kernel/tasks.o
                0x0000000000001c6c                vTaskDelay
 .text.vTaskStartScheduler
                0x0000000000001cc4       0xbc build/tsb0//home/karl/node-apps/zoo/FreeRTOS-Kernel/tasks.o
                0x0000000000001cc4                vTaskStartScheduler
 .text.vTaskSuspendAll
                0x0000000000001d80       0x1c build/tsb0//home/karl/node-apps/zoo/FreeRTOS-Kernel/tasks.o
                0x0000000000001d80                vTaskSuspendAll
 .text.xTaskResumeAll
                0x0000000000001d9c      0x128 build/tsb0//home/karl/node-apps/zoo/FreeRTOS-Kernel/tasks.o
                0x0000000000001d9c                xTaskResumeAll
 .text.xTaskGetTickCount
                0x0000000000001ec4       0x20 build/tsb0//home/karl/node-apps/zoo/FreeRTOS-Kernel/tasks.o
                0x0000000000001ec4                xTaskGetTickCount
 .text.xTaskIncrementTick
                0x0000000000001ee4      0x160 build/tsb0//home/karl/node-apps/zoo/FreeRTOS-Kernel/tasks.o
                0x0000000000001ee4                xTaskIncrementTick
 .text.vTaskSwitchContext
                0x0000000000002044       0xf4 build/tsb0//home/karl/node-apps/zoo/FreeRTOS-Kernel/tasks.o
                0x0000000000002044                vTaskSwitchContext
 .text.vTaskPlaceOnEventList
                0x0000000000002138       0x38 build/tsb0//home/karl/node-apps/zoo/FreeRTOS-Kernel/tasks.o
                0x0000000000002138                vTaskPlaceOnEventList
 .text.vTaskPlaceOnEventListRestricted
                0x0000000000002170       0x44 build/tsb0//home/karl/node-apps/zoo/FreeRTOS-Kernel/tasks.o
                0x0000000000002170                vTaskPlaceOnEventListRestricted
 .text.xTaskRemoveFromEventList
                0x00000000000021b4       0xb4 build/tsb0//home/karl/node-apps/zoo/FreeRTOS-Kernel/tasks.o
                0x00000000000021b4                xTaskRemoveFromEventList
 .text.vTaskInternalSetTimeOutState
                0x0000000000002268       0x2c build/tsb0//home/karl/node-apps/zoo/FreeRTOS-Kernel/tasks.o
                0x0000000000002268                vTaskInternalSetTimeOutState
 .text.xTaskCheckForTimeOut
                0x0000000000002294       0xa0 build/tsb0//home/karl/node-apps/zoo/FreeRTOS-Kernel/tasks.o
                0x0000000000002294                xTaskCheckForTimeOut
 .text.vTaskMissedYield
                0x0000000000002334       0x18 build/tsb0//home/karl/node-apps/zoo/FreeRTOS-Kernel/tasks.o
                0x0000000000002334                vTaskMissedYield
 .text.prvIdleTask
                0x000000000000234c       0x30 build/tsb0//home/karl/node-apps/zoo/FreeRTOS-Kernel/tasks.o
 .text.prvInitialiseTaskLists
                0x000000000000237c       0x80 build/tsb0//home/karl/node-apps/zoo/FreeRTOS-Kernel/tasks.o
 .text.prvCheckTasksWaitingTermination
                0x00000000000023fc       0x5c build/tsb0//home/karl/node-apps/zoo/FreeRTOS-Kernel/tasks.o
 .text.prvDeleteTCB
                0x0000000000002458       0x4c build/tsb0//home/karl/node-apps/zoo/FreeRTOS-Kernel/tasks.o
 .text.prvResetNextTaskUnblockTime
                0x00000000000024a4       0x40 build/tsb0//home/karl/node-apps/zoo/FreeRTOS-Kernel/tasks.o
 .text.xTaskGetCurrentTaskHandle
                0x00000000000024e4       0x20 build/tsb0//home/karl/node-apps/zoo/FreeRTOS-Kernel/tasks.o
                0x00000000000024e4                xTaskGetCurrentTaskHandle
 .text.xTaskGetSchedulerState
                0x0000000000002504       0x3c build/tsb0//home/karl/node-apps/zoo/FreeRTOS-Kernel/tasks.o
                0x0000000000002504                xTaskGetSchedulerState
 .text.xTaskPriorityInherit
                0x0000000000002540       0xd0 build/tsb0//home/karl/node-apps/zoo/FreeRTOS-Kernel/tasks.o
                0x0000000000002540                xTaskPriorityInherit
 .text.xTaskPriorityDisinherit
                0x0000000000002610       0xb8 build/tsb0//home/karl/node-apps/zoo/FreeRTOS-Kernel/tasks.o
                0x0000000000002610                xTaskPriorityDisinherit
 .text.vTaskPriorityDisinheritAfterTimeout
                0x00000000000026c8       0xe0 build/tsb0//home/karl/node-apps/zoo/FreeRTOS-Kernel/tasks.o
                0x00000000000026c8                vTaskPriorityDisinheritAfterTimeout
 .text.pvTaskIncrementMutexHeldCount
                0x00000000000027a8       0x28 build/tsb0//home/karl/node-apps/zoo/FreeRTOS-Kernel/tasks.o
                0x00000000000027a8                pvTaskIncrementMutexHeldCount
 .text.prvAddCurrentTaskToDelayedList
                0x00000000000027d0       0xa8 build/tsb0//home/karl/node-apps/zoo/FreeRTOS-Kernel/tasks.o
 .text.xTimerCreateTimerTask
                0x0000000000002878       0x7c build/tsb0//home/karl/node-apps/zoo/FreeRTOS-Kernel/timers.o
                0x0000000000002878                xTimerCreateTimerTask
 .text.xTimerGenericCommand
                0x00000000000028f4       0x88 build/tsb0//home/karl/node-apps/zoo/FreeRTOS-Kernel/timers.o
                0x00000000000028f4                xTimerGenericCommand
 .text.prvProcessExpiredTimer
                0x000000000000297c       0x88 build/tsb0//home/karl/node-apps/zoo/FreeRTOS-Kernel/timers.o
 .text.prvTimerTask
                0x0000000000002a04       0x24 build/tsb0//home/karl/node-apps/zoo/FreeRTOS-Kernel/timers.o
 .text.prvProcessTimerOrBlockTask
                0x0000000000002a28       0x9c build/tsb0//home/karl/node-apps/zoo/FreeRTOS-Kernel/timers.o
 .text.prvGetNextExpireTime
                0x0000000000002ac4       0x48 build/tsb0//home/karl/node-apps/zoo/FreeRTOS-Kernel/timers.o
 .text.prvSampleTimeNow
                0x0000000000002b0c       0x40 build/tsb0//home/karl/node-apps/zoo/FreeRTOS-Kernel/timers.o
 .text.prvInsertTimerInActiveList
                0x0000000000002b4c       0x84 build/tsb0//home/karl/node-apps/zoo/FreeRTOS-Kernel/timers.o
 .text.prvProcessReceivedCommands
                0x0000000000002bd0      0x190 build/tsb0//home/karl/node-apps/zoo/FreeRTOS-Kernel/timers.o
 .text.prvSwitchTimerLists
                0x0000000000002d60       0xb8 build/tsb0//home/karl/node-apps/zoo/FreeRTOS-Kernel/timers.o
 .text.prvCheckForValidListAndQueue
                0x0000000000002e18       0x68 build/tsb0//home/karl/node-apps/zoo/FreeRTOS-Kernel/timers.o
 .text.__NVIC_SetPriority
                0x0000000000002e80       0x54 build/tsb0//home/karl/node-apps/zoo/thinnect.cmsis-freertos/CMSIS-FreeRTOS/CMSIS/RTOS2/FreeRTOS/Source/cmsis_os2.o
 .text.SysTick_Handler
                0x0000000000002ed4       0x20 build/tsb0//home/karl/node-apps/zoo/thinnect.cmsis-freertos/CMSIS-FreeRTOS/CMSIS/RTOS2/FreeRTOS/Source/cmsis_os2.o
                0x0000000000002ed4                SysTick_Handler
 .text.SVC_Setup
                0x0000000000002ef4       0x12 build/tsb0//home/karl/node-apps/zoo/thinnect.cmsis-freertos/CMSIS-FreeRTOS/CMSIS/RTOS2/FreeRTOS/Source/cmsis_os2.o
 *fill*         0x0000000000002f06        0x2 
 .text.osKernelInitialize
                0x0000000000002f08       0x6c build/tsb0//home/karl/node-apps/zoo/thinnect.cmsis-freertos/CMSIS-FreeRTOS/CMSIS/RTOS2/FreeRTOS/Source/cmsis_os2.o
                0x0000000000002f08                osKernelInitialize
 .text.osKernelGetState
                0x0000000000002f74       0x44 build/tsb0//home/karl/node-apps/zoo/thinnect.cmsis-freertos/CMSIS-FreeRTOS/CMSIS/RTOS2/FreeRTOS/Source/cmsis_os2.o
                0x0000000000002f74                osKernelGetState
 .text.osKernelStart
                0x0000000000002fb8       0x6c build/tsb0//home/karl/node-apps/zoo/thinnect.cmsis-freertos/CMSIS-FreeRTOS/CMSIS/RTOS2/FreeRTOS/Source/cmsis_os2.o
                0x0000000000002fb8                osKernelStart
 .text.osThreadNew
                0x0000000000003024      0x14c build/tsb0//home/karl/node-apps/zoo/thinnect.cmsis-freertos/CMSIS-FreeRTOS/CMSIS/RTOS2/FreeRTOS/Source/cmsis_os2.o
                0x0000000000003024                osThreadNew
 .text.osDelay  0x0000000000003170       0x5c build/tsb0//home/karl/node-apps/zoo/thinnect.cmsis-freertos/CMSIS-FreeRTOS/CMSIS/RTOS2/FreeRTOS/Source/cmsis_os2.o
                0x0000000000003170                osDelay
 .text.osMutexNew
                0x00000000000031cc      0x110 build/tsb0//home/karl/node-apps/zoo/thinnect.cmsis-freertos/CMSIS-FreeRTOS/CMSIS/RTOS2/FreeRTOS/Source/cmsis_os2.o
                0x00000000000031cc                osMutexNew
 .text.osMutexAcquire
                0x00000000000032dc       0xbc build/tsb0//home/karl/node-apps/zoo/thinnect.cmsis-freertos/CMSIS-FreeRTOS/CMSIS/RTOS2/FreeRTOS/Source/cmsis_os2.o
                0x00000000000032dc                osMutexAcquire
 .text.osMutexRelease
                0x0000000000003398       0xa0 build/tsb0//home/karl/node-apps/zoo/thinnect.cmsis-freertos/CMSIS-FreeRTOS/CMSIS/RTOS2/FreeRTOS/Source/cmsis_os2.o
                0x0000000000003398                osMutexRelease
 .text.vApplicationStackOverflowHook
                0x0000000000003438        0xe build/tsb0//home/karl/node-apps/zoo/thinnect.cmsis-freertos/CMSIS-FreeRTOS/CMSIS/RTOS2/FreeRTOS/Source/cmsis_os2.o
                0x0000000000003438                vApplicationStackOverflowHook
 *fill*         0x0000000000003446        0x2 
 .text.vApplicationGetIdleTaskMemory
                0x0000000000003448       0x34 build/tsb0//home/karl/node-apps/zoo/thinnect.cmsis-freertos/CMSIS-FreeRTOS/CMSIS/RTOS2/FreeRTOS/Source/cmsis_os2.o
                0x0000000000003448                vApplicationGetIdleTaskMemory
 .text.vApplicationGetTimerTaskMemory
                0x000000000000347c       0x34 build/tsb0//home/karl/node-apps/zoo/thinnect.cmsis-freertos/CMSIS-FreeRTOS/CMSIS/RTOS2/FreeRTOS/Source/cmsis_os2.o
                0x000000000000347c                vApplicationGetTimerTaskMemory
 .text.__NVIC_EnableIRQ
                0x00000000000034b0       0x3c build/tsb0//home/karl/SimplicityStudio_v5/developer/sdks/gecko_sdk_suite/v3.2/hardware/kit/common/drivers/retargetserial.o
 .text.__NVIC_ClearPendingIRQ
                0x00000000000034ec       0x3c build/tsb0//home/karl/SimplicityStudio_v5/developer/sdks/gecko_sdk_suite/v3.2/hardware/kit/common/drivers/retargetserial.o
 .text.USART_IntClear
                0x0000000000003528       0x1c build/tsb0//home/karl/SimplicityStudio_v5/developer/sdks/gecko_sdk_suite/v3.2/hardware/kit/common/drivers/retargetserial.o
 .text.USART_IntDisable
                0x0000000000003544       0x24 build/tsb0//home/karl/SimplicityStudio_v5/developer/sdks/gecko_sdk_suite/v3.2/hardware/kit/common/drivers/retargetserial.o
 .text.USART_IntEnable
                0x0000000000003568       0x22 build/tsb0//home/karl/SimplicityStudio_v5/developer/sdks/gecko_sdk_suite/v3.2/hardware/kit/common/drivers/retargetserial.o
 *fill*         0x000000000000358a        0x2 
 .text.disableRxInterrupt
                0x000000000000358c       0x14 build/tsb0//home/karl/SimplicityStudio_v5/developer/sdks/gecko_sdk_suite/v3.2/hardware/kit/common/drivers/retargetserial.o
 .text.enableRxInterrupt
                0x00000000000035a0       0x14 build/tsb0//home/karl/SimplicityStudio_v5/developer/sdks/gecko_sdk_suite/v3.2/hardware/kit/common/drivers/retargetserial.o
 .text.USART0_RX_IRQHandler
                0x00000000000035b4       0x68 build/tsb0//home/karl/SimplicityStudio_v5/developer/sdks/gecko_sdk_suite/v3.2/hardware/kit/common/drivers/retargetserial.o
                0x00000000000035b4                USART0_RX_IRQHandler
 .text.RETARGET_SerialInit
                0x000000000000361c       0xd8 build/tsb0//home/karl/SimplicityStudio_v5/developer/sdks/gecko_sdk_suite/v3.2/hardware/kit/common/drivers/retargetserial.o
                0x000000000000361c                RETARGET_SerialInit
 .text.RETARGET_ReadChar
                0x00000000000036f4       0x80 build/tsb0//home/karl/SimplicityStudio_v5/developer/sdks/gecko_sdk_suite/v3.2/hardware/kit/common/drivers/retargetserial.o
                0x00000000000036f4                RETARGET_ReadChar
 .text.RETARGET_WriteChar
                0x0000000000003774       0x54 build/tsb0//home/karl/SimplicityStudio_v5/developer/sdks/gecko_sdk_suite/v3.2/hardware/kit/common/drivers/retargetserial.o
                0x0000000000003774                RETARGET_WriteChar
 .text._close   0x00000000000037c8       0x16 build/tsb0//home/karl/SimplicityStudio_v5/developer/sdks/gecko_sdk_suite/v3.2/hardware/kit/common/drivers/retargetio.o
                0x00000000000037c8                _close
 .text._exit    0x00000000000037de        0xa build/tsb0//home/karl/SimplicityStudio_v5/developer/sdks/gecko_sdk_suite/v3.2/hardware/kit/common/drivers/retargetio.o
                0x00000000000037de                _exit
 .text._fstat   0x00000000000037e8       0x20 build/tsb0//home/karl/SimplicityStudio_v5/developer/sdks/gecko_sdk_suite/v3.2/hardware/kit/common/drivers/retargetio.o
                0x00000000000037e8                _fstat
 .text._getpid  0x0000000000003808       0x10 build/tsb0//home/karl/SimplicityStudio_v5/developer/sdks/gecko_sdk_suite/v3.2/hardware/kit/common/drivers/retargetio.o
                0x0000000000003808                _getpid
 .text._isatty  0x0000000000003818       0x16 build/tsb0//home/karl/SimplicityStudio_v5/developer/sdks/gecko_sdk_suite/v3.2/hardware/kit/common/drivers/retargetio.o
                0x0000000000003818                _isatty
 .text._kill    0x000000000000382e       0x1a build/tsb0//home/karl/SimplicityStudio_v5/developer/sdks/gecko_sdk_suite/v3.2/hardware/kit/common/drivers/retargetio.o
                0x000000000000382e                _kill
 .text._lseek   0x0000000000003848       0x1a build/tsb0//home/karl/SimplicityStudio_v5/developer/sdks/gecko_sdk_suite/v3.2/hardware/kit/common/drivers/retargetio.o
                0x0000000000003848                _lseek
 .text._read    0x0000000000003862       0x56 build/tsb0//home/karl/SimplicityStudio_v5/developer/sdks/gecko_sdk_suite/v3.2/hardware/kit/common/drivers/retargetio.o
                0x0000000000003862                _read
 .text._write   0x00000000000038b8       0x38 build/tsb0//home/karl/SimplicityStudio_v5/developer/sdks/gecko_sdk_suite/v3.2/hardware/kit/common/drivers/retargetio.o
                0x00000000000038b8                _write
 .text.CORE_EnterCritical
                0x00000000000038f0       0x22 build/tsb0//home/karl/SimplicityStudio_v5/developer/sdks/gecko_sdk_suite/v3.2/platform/emlib/src/em_core.o
                0x00000000000038f0                CORE_EnterCritical
 .text.CORE_ExitCritical
                0x0000000000003912       0x1e build/tsb0//home/karl/SimplicityStudio_v5/developer/sdks/gecko_sdk_suite/v3.2/platform/emlib/src/em_core.o
                0x0000000000003912                CORE_ExitCritical
 .text.CORE_EnterAtomic
                0x0000000000003930       0x22 build/tsb0//home/karl/SimplicityStudio_v5/developer/sdks/gecko_sdk_suite/v3.2/platform/emlib/src/em_core.o
                0x0000000000003930                CORE_EnterAtomic
 .text.CORE_ExitAtomic
                0x0000000000003952       0x1e build/tsb0//home/karl/SimplicityStudio_v5/developer/sdks/gecko_sdk_suite/v3.2/platform/emlib/src/em_core.o
                0x0000000000003952                CORE_ExitAtomic
 .text.BUS_RegBitRead
                0x0000000000003970       0x2e build/tsb0//home/karl/SimplicityStudio_v5/developer/sdks/gecko_sdk_suite/v3.2/platform/emlib/src/em_emu.o
 *fill*         0x000000000000399e        0x2 
 .text.EMU_LDOStatusGet
                0x00000000000039a0       0x24 build/tsb0//home/karl/SimplicityStudio_v5/developer/sdks/gecko_sdk_suite/v3.2/platform/emlib/src/em_emu.o
 .text.EMU_VScaleWait
                0x00000000000039c4       0x30 build/tsb0//home/karl/SimplicityStudio_v5/developer/sdks/gecko_sdk_suite/v3.2/platform/emlib/src/em_emu.o
 .text.EMU_VScaleGet
                0x00000000000039f4       0x1c build/tsb0//home/karl/SimplicityStudio_v5/developer/sdks/gecko_sdk_suite/v3.2/platform/emlib/src/em_emu.o
 .text.vScaleEM01Cmd
                0x0000000000003a10       0x22 build/tsb0//home/karl/SimplicityStudio_v5/developer/sdks/gecko_sdk_suite/v3.2/platform/emlib/src/em_emu.o
 *fill*         0x0000000000003a32        0x2 
 .text.EMU_VScaleEM01ByClock
                0x0000000000003a34       0x84 build/tsb0//home/karl/SimplicityStudio_v5/developer/sdks/gecko_sdk_suite/v3.2/platform/emlib/src/em_emu.o
                0x0000000000003a34                EMU_VScaleEM01ByClock
 .text.EMU_VScaleEM01
                0x0000000000003ab8       0x98 build/tsb0//home/karl/SimplicityStudio_v5/developer/sdks/gecko_sdk_suite/v3.2/platform/emlib/src/em_emu.o
                0x0000000000003ab8                EMU_VScaleEM01
 .text.SL_Log2ToDiv
                0x0000000000003b50       0x1c build/tsb0//home/karl/SimplicityStudio_v5/developer/sdks/gecko_sdk_suite/v3.2/platform/emlib/src/em_cmu.o
 .text.BUS_RegBitWrite
                0x0000000000003b6c       0x32 build/tsb0//home/karl/SimplicityStudio_v5/developer/sdks/gecko_sdk_suite/v3.2/platform/emlib/src/em_cmu.o
 .text.BUS_RegBitRead
                0x0000000000003b9e       0x2e build/tsb0//home/karl/SimplicityStudio_v5/developer/sdks/gecko_sdk_suite/v3.2/platform/emlib/src/em_cmu.o
 .text.EMU_LDOStatusGet
                0x0000000000003bcc       0x24 build/tsb0//home/karl/SimplicityStudio_v5/developer/sdks/gecko_sdk_suite/v3.2/platform/emlib/src/em_cmu.o
 .text.EMU_VScaleWait
                0x0000000000003bf0       0x30 build/tsb0//home/karl/SimplicityStudio_v5/developer/sdks/gecko_sdk_suite/v3.2/platform/emlib/src/em_cmu.o
 .text.EMU_VScaleGet
                0x0000000000003c20       0x1c build/tsb0//home/karl/SimplicityStudio_v5/developer/sdks/gecko_sdk_suite/v3.2/platform/emlib/src/em_cmu.o
 .text.setHfLeConfig
                0x0000000000003c3c       0x64 build/tsb0//home/karl/SimplicityStudio_v5/developer/sdks/gecko_sdk_suite/v3.2/platform/emlib/src/em_cmu.o
 .text.auxClkGet
                0x0000000000003ca0       0x20 build/tsb0//home/karl/SimplicityStudio_v5/developer/sdks/gecko_sdk_suite/v3.2/platform/emlib/src/em_cmu.o
 .text.hfSrcClkGet
                0x0000000000003cc0       0x2c build/tsb0//home/karl/SimplicityStudio_v5/developer/sdks/gecko_sdk_suite/v3.2/platform/emlib/src/em_cmu.o
 .text.dbgClkGet
                0x0000000000003cec       0x40 build/tsb0//home/karl/SimplicityStudio_v5/developer/sdks/gecko_sdk_suite/v3.2/platform/emlib/src/em_cmu.o
 .text.adcAsyncClkGet
                0x0000000000003d2c       0x80 build/tsb0//home/karl/SimplicityStudio_v5/developer/sdks/gecko_sdk_suite/v3.2/platform/emlib/src/em_cmu.o
 .text.flashWaitStateControl
                0x0000000000003dac       0x8c build/tsb0//home/karl/SimplicityStudio_v5/developer/sdks/gecko_sdk_suite/v3.2/platform/emlib/src/em_cmu.o
 .text.flashWaitStateMax
                0x0000000000003e38       0x44 build/tsb0//home/karl/SimplicityStudio_v5/developer/sdks/gecko_sdk_suite/v3.2/platform/emlib/src/em_cmu.o
 .text.CMU_UpdateWaitStates
                0x0000000000003e7c       0x40 build/tsb0//home/karl/SimplicityStudio_v5/developer/sdks/gecko_sdk_suite/v3.2/platform/emlib/src/em_cmu.o
                0x0000000000003e7c                CMU_UpdateWaitStates
 .text.getRegIshUpperVal
                0x0000000000003ebc       0x36 build/tsb0//home/karl/SimplicityStudio_v5/developer/sdks/gecko_sdk_suite/v3.2/platform/emlib/src/em_cmu.o
 *fill*         0x0000000000003ef2        0x2 
 .text.getHfxoTuningMode
                0x0000000000003ef4       0x1c build/tsb0//home/karl/SimplicityStudio_v5/developer/sdks/gecko_sdk_suite/v3.2/platform/emlib/src/em_cmu.o
 .text.setHfxoTuningMode
                0x0000000000003f10       0x2c build/tsb0//home/karl/SimplicityStudio_v5/developer/sdks/gecko_sdk_suite/v3.2/platform/emlib/src/em_cmu.o
 .text.lfClkGet
                0x0000000000003f3c      0x110 build/tsb0//home/karl/SimplicityStudio_v5/developer/sdks/gecko_sdk_suite/v3.2/platform/emlib/src/em_cmu.o
 .text.syncReg  0x000000000000404c       0x38 build/tsb0//home/karl/SimplicityStudio_v5/developer/sdks/gecko_sdk_suite/v3.2/platform/emlib/src/em_cmu.o
 .text.hfperClkSafePrescaler
                0x0000000000004084        0xe build/tsb0//home/karl/SimplicityStudio_v5/developer/sdks/gecko_sdk_suite/v3.2/platform/emlib/src/em_cmu.o
 .text.hfperClkOptimizedPrescaler
                0x0000000000004092        0xe build/tsb0//home/karl/SimplicityStudio_v5/developer/sdks/gecko_sdk_suite/v3.2/platform/emlib/src/em_cmu.o
 .text.CMU_ClockDivGet
                0x00000000000040a0       0x1a build/tsb0//home/karl/SimplicityStudio_v5/developer/sdks/gecko_sdk_suite/v3.2/platform/emlib/src/em_cmu.o
                0x00000000000040a0                CMU_ClockDivGet
 *fill*         0x00000000000040ba        0x2 
 .text.CMU_ClockEnable
                0x00000000000040bc       0xcc build/tsb0//home/karl/SimplicityStudio_v5/developer/sdks/gecko_sdk_suite/v3.2/platform/emlib/src/em_cmu.o
                0x00000000000040bc                CMU_ClockEnable
 .text.CMU_ClockFreqGet
                0x0000000000004188      0x284 build/tsb0//home/karl/SimplicityStudio_v5/developer/sdks/gecko_sdk_suite/v3.2/platform/emlib/src/em_cmu.o
                0x0000000000004188                CMU_ClockFreqGet
 .text.CMU_ClockPrescGet
                0x000000000000440c      0x198 build/tsb0//home/karl/SimplicityStudio_v5/developer/sdks/gecko_sdk_suite/v3.2/platform/emlib/src/em_cmu.o
                0x000000000000440c                CMU_ClockPrescGet
 .text.CMU_ClockSelectGet
                0x00000000000045a4      0x1d0 build/tsb0//home/karl/SimplicityStudio_v5/developer/sdks/gecko_sdk_suite/v3.2/platform/emlib/src/em_cmu.o
                0x00000000000045a4                CMU_ClockSelectGet
 .text.CMU_ClockSelectSet
                0x0000000000004774      0x2ec build/tsb0//home/karl/SimplicityStudio_v5/developer/sdks/gecko_sdk_suite/v3.2/platform/emlib/src/em_cmu.o
                0x0000000000004774                CMU_ClockSelectSet
 .text.CMU_HFRCOBandGet
                0x0000000000004a60       0x18 build/tsb0//home/karl/SimplicityStudio_v5/developer/sdks/gecko_sdk_suite/v3.2/platform/emlib/src/em_cmu.o
                0x0000000000004a60                CMU_HFRCOBandGet
 .text.CMU_HFXOInit
                0x0000000000004a78       0xe4 build/tsb0//home/karl/SimplicityStudio_v5/developer/sdks/gecko_sdk_suite/v3.2/platform/emlib/src/em_cmu.o
                0x0000000000004a78                CMU_HFXOInit
 .text.CMU_OscillatorEnable
                0x0000000000004b5c      0x1a0 build/tsb0//home/karl/SimplicityStudio_v5/developer/sdks/gecko_sdk_suite/v3.2/platform/emlib/src/em_cmu.o
                0x0000000000004b5c                CMU_OscillatorEnable
 .text.CMU_OscillatorTuningGet
                0x0000000000004cfc       0x74 build/tsb0//home/karl/SimplicityStudio_v5/developer/sdks/gecko_sdk_suite/v3.2/platform/emlib/src/em_cmu.o
                0x0000000000004cfc                CMU_OscillatorTuningGet
 .text.CMU_OscillatorTuningSet
                0x0000000000004d70      0x100 build/tsb0//home/karl/SimplicityStudio_v5/developer/sdks/gecko_sdk_suite/v3.2/platform/emlib/src/em_cmu.o
                0x0000000000004d70                CMU_OscillatorTuningSet
 .text.CMU_OscillatorTuningWait
                0x0000000000004e70       0x98 build/tsb0//home/karl/SimplicityStudio_v5/developer/sdks/gecko_sdk_suite/v3.2/platform/emlib/src/em_cmu.o
                0x0000000000004e70                CMU_OscillatorTuningWait
 .text.CMU_OscillatorTuningOptimize
                0x0000000000004f08       0x58 build/tsb0//home/karl/SimplicityStudio_v5/developer/sdks/gecko_sdk_suite/v3.2/platform/emlib/src/em_cmu.o
                0x0000000000004f08                CMU_OscillatorTuningOptimize
 .text.RMU_ResetCauseClear
                0x0000000000004f60       0x18 build/tsb0//home/karl/SimplicityStudio_v5/developer/sdks/gecko_sdk_suite/v3.2/platform/emlib/src/em_rmu.o
                0x0000000000004f60                RMU_ResetCauseClear
 .text.RMU_ResetCauseGet
                0x0000000000004f78       0xb8 build/tsb0//home/karl/SimplicityStudio_v5/developer/sdks/gecko_sdk_suite/v3.2/platform/emlib/src/em_rmu.o
                0x0000000000004f78                RMU_ResetCauseGet
 .text.BUS_RegMaskedSet
                0x0000000000005030       0x24 build/tsb0//home/karl/SimplicityStudio_v5/developer/sdks/gecko_sdk_suite/v3.2/platform/emlib/src/em_gpio.o
 .text.BUS_RegMaskedClear
                0x0000000000005054       0x24 build/tsb0//home/karl/SimplicityStudio_v5/developer/sdks/gecko_sdk_suite/v3.2/platform/emlib/src/em_gpio.o
 .text.GPIO_PinOutClear
                0x0000000000005078       0x78 build/tsb0//home/karl/SimplicityStudio_v5/developer/sdks/gecko_sdk_suite/v3.2/platform/emlib/src/em_gpio.o
 .text.GPIO_PinOutSet
                0x00000000000050f0       0x78 build/tsb0//home/karl/SimplicityStudio_v5/developer/sdks/gecko_sdk_suite/v3.2/platform/emlib/src/em_gpio.o
 .text.GPIO_PinModeSet
                0x0000000000005168      0x130 build/tsb0//home/karl/SimplicityStudio_v5/developer/sdks/gecko_sdk_suite/v3.2/platform/emlib/src/em_gpio.o
                0x0000000000005168                GPIO_PinModeSet
 .text.prsRxInput
                0x0000000000005298       0x26 build/tsb0//home/karl/SimplicityStudio_v5/developer/sdks/gecko_sdk_suite/v3.2/platform/emlib/src/em_usart.o
 *fill*         0x00000000000052be        0x2 
 .text.USART_BaudrateAsyncSet
                0x00000000000052c0       0xc0 build/tsb0//home/karl/SimplicityStudio_v5/developer/sdks/gecko_sdk_suite/v3.2/platform/emlib/src/em_usart.o
                0x00000000000052c0                USART_BaudrateAsyncSet
 .text.USART_Enable
                0x0000000000005380       0x64 build/tsb0//home/karl/SimplicityStudio_v5/developer/sdks/gecko_sdk_suite/v3.2/platform/emlib/src/em_usart.o
                0x0000000000005380                USART_Enable
 .text.USART_InitAsync
                0x00000000000053e4       0xec build/tsb0//home/karl/SimplicityStudio_v5/developer/sdks/gecko_sdk_suite/v3.2/platform/emlib/src/em_usart.o
                0x00000000000053e4                USART_InitAsync
 .text.USART_Reset
                0x00000000000054d0       0xd0 build/tsb0//home/karl/SimplicityStudio_v5/developer/sdks/gecko_sdk_suite/v3.2/platform/emlib/src/em_usart.o
                0x00000000000054d0                USART_Reset
 .text.USART_Rx
                0x00000000000055a0       0x28 build/tsb0//home/karl/SimplicityStudio_v5/developer/sdks/gecko_sdk_suite/v3.2/platform/emlib/src/em_usart.o
                0x00000000000055a0                USART_Rx
 .text.USART_Tx
                0x00000000000055c8       0x2c build/tsb0//home/karl/SimplicityStudio_v5/developer/sdks/gecko_sdk_suite/v3.2/platform/emlib/src/em_usart.o
                0x00000000000055c8                USART_Tx
 .text.MSC_Init
                0x00000000000055f4       0x34 build/tsb0//home/karl/SimplicityStudio_v5/developer/sdks/gecko_sdk_suite/v3.2/platform/emlib/src/em_msc.o
                0x00000000000055f4                MSC_Init
 .text.I2C_IntClear
                0x0000000000005628       0x1c build/tsb0//home/karl/SimplicityStudio_v5/developer/sdks/gecko_sdk_suite/v3.2/platform/emlib/src/em_i2c.o
 .text.BUS_RegBitWrite
                0x0000000000005644       0x32 build/tsb0//home/karl/SimplicityStudio_v5/developer/sdks/gecko_sdk_suite/v3.2/platform/emlib/src/em_i2c.o
 .text.BUS_RegMaskedWrite
                0x0000000000005676       0x36 build/tsb0//home/karl/SimplicityStudio_v5/developer/sdks/gecko_sdk_suite/v3.2/platform/emlib/src/em_i2c.o
 .text.flushRx  0x00000000000056ac       0x28 build/tsb0//home/karl/SimplicityStudio_v5/developer/sdks/gecko_sdk_suite/v3.2/platform/emlib/src/em_i2c.o
 .text.I2C_BusFreqSet
                0x00000000000056d4      0x148 build/tsb0//home/karl/SimplicityStudio_v5/developer/sdks/gecko_sdk_suite/v3.2/platform/emlib/src/em_i2c.o
                0x00000000000056d4                I2C_BusFreqSet
 .text.I2C_Enable
                0x000000000000581c       0x38 build/tsb0//home/karl/SimplicityStudio_v5/developer/sdks/gecko_sdk_suite/v3.2/platform/emlib/src/em_i2c.o
                0x000000000000581c                I2C_Enable
 .text.I2C_Init
                0x0000000000005854       0x70 build/tsb0//home/karl/SimplicityStudio_v5/developer/sdks/gecko_sdk_suite/v3.2/platform/emlib/src/em_i2c.o
                0x0000000000005854                I2C_Init
 .text.I2C_Transfer
                0x00000000000058c4      0x498 build/tsb0//home/karl/SimplicityStudio_v5/developer/sdks/gecko_sdk_suite/v3.2/platform/emlib/src/em_i2c.o
                0x00000000000058c4                I2C_Transfer
 .text.I2C_TransferInit
                0x0000000000005d5c       0xe0 build/tsb0//home/karl/SimplicityStudio_v5/developer/sdks/gecko_sdk_suite/v3.2/platform/emlib/src/em_i2c.o
                0x0000000000005d5c                I2C_TransferInit
 .text.logger_fwrite_init
                0x0000000000005e3c       0x1c build/tsb0//home/karl/node-apps/zoo/thinnect.node-platform/silabs/logger_fwrite.o
                0x0000000000005e3c                logger_fwrite_init
 .text.logger_fwrite
                0x0000000000005e58       0x60 build/tsb0//home/karl/node-apps/zoo/thinnect.node-platform/silabs/logger_fwrite.o
                0x0000000000005e58                logger_fwrite
 .text.log_init
                0x0000000000005eb8       0x64 build/tsb0//home/karl/node-apps/zoo/thinnect.lll/logging/loggers_ext.o
                0x0000000000005eb8                log_init
 .text.__logger
                0x0000000000005f1c      0x14c build/tsb0//home/karl/node-apps/zoo/thinnect.lll/logging/loggers_ext.o
                0x0000000000005f1c                __logger
 .text.log_severity_char
                0x0000000000006068       0xf6 build/tsb0//home/karl/node-apps/zoo/thinnect.lll/logging/loggers_ext.o
 *fill*         0x000000000000615e        0x2 
 .text.Reset_Handler
                0x0000000000006160       0x78 build/tsb0//home/karl/SimplicityStudio_v5/developer/sdks/gecko_sdk_suite/v3.2/platform/Device/SiliconLabs/EFR32MG12P/Source/GCC/startup_efr32mg12p.o
                0x0000000000006160                Reset_Handler
 .text.Default_Handler
                0x00000000000061d8        0x6 build/tsb0//home/karl/SimplicityStudio_v5/developer/sdks/gecko_sdk_suite/v3.2/platform/Device/SiliconLabs/EFR32MG12P/Source/GCC/startup_efr32mg12p.o
                0x00000000000061d8                DebugMon_Handler
                0x00000000000061d8                USART0_TX_IRQHandler
                0x00000000000061d8                I2C0_IRQHandler
                0x00000000000061d8                HardFault_Handler
                0x00000000000061d8                USART1_RX_IRQHandler
                0x00000000000061d8                NMI_Handler
                0x00000000000061d8                SYNTH_IRQHandler
                0x00000000000061d8                I2C1_IRQHandler
                0x00000000000061d8                WTIMER0_IRQHandler
                0x00000000000061d8                CRYPTO0_IRQHandler
                0x00000000000061d8                WDOG0_IRQHandler
                0x00000000000061d8                USART1_TX_IRQHandler
                0x00000000000061d8                SMU_IRQHandler
                0x00000000000061d8                MSC_IRQHandler
                0x00000000000061d8                ADC0_IRQHandler
                0x00000000000061d8                UsageFault_Handler
                0x00000000000061d8                WDOG1_IRQHandler
                0x00000000000061d8                LEUART0_IRQHandler
                0x00000000000061d8                FPUEH_IRQHandler
                0x00000000000061d8                WTIMER1_IRQHandler
                0x00000000000061d8                GPIO_EVEN_IRQHandler
                0x00000000000061d8                VDAC0_IRQHandler
                0x00000000000061d8                LDMA_IRQHandler
                0x00000000000061d8                CSEN_IRQHandler
                0x00000000000061d8                CRYPTO1_IRQHandler
                0x00000000000061d8                TIMER0_IRQHandler
                0x00000000000061d8                PCNT2_IRQHandler
                0x00000000000061d8                LETIMER0_IRQHandler
                0x00000000000061d8                TIMER1_IRQHandler
                0x00000000000061d8                TRNG0_IRQHandler
                0x00000000000061d8                RFSENSE_IRQHandler
                0x00000000000061d8                BUFC_IRQHandler
                0x00000000000061d8                MODEM_IRQHandler
                0x00000000000061d8                USART2_RX_IRQHandler
                0x00000000000061d8                Default_Handler
                0x00000000000061d8                RAC_SEQ_IRQHandler
                0x00000000000061d8                FRC_PRI_IRQHandler
                0x00000000000061d8                EMU_IRQHandler
                0x00000000000061d8                FRC_IRQHandler
                0x00000000000061d8                CRYOTIMER_IRQHandler
                0x00000000000061d8                PCNT0_IRQHandler
                0x00000000000061d8                AGC_IRQHandler
                0x00000000000061d8                sl_app_properties
                0x00000000000061d8                PCNT1_IRQHandler
                0x00000000000061d8                ACMP0_IRQHandler
                0x00000000000061d8                MemManage_Handler
                0x00000000000061d8                USART3_RX_IRQHandler
                0x00000000000061d8                RTCC_IRQHandler
                0x00000000000061d8                CMU_IRQHandler
                0x00000000000061d8                RAC_RSM_IRQHandler
                0x00000000000061d8                LESENSE_IRQHandler
                0x00000000000061d8                GPIO_ODD_IRQHandler
                0x00000000000061d8                USART3_TX_IRQHandler
                0x00000000000061d8                PROTIMER_IRQHandler
                0x00000000000061d8                BusFault_Handler
                0x00000000000061d8                USART2_TX_IRQHandler
                0x00000000000061d8                IDAC0_IRQHandler
 *fill*         0x00000000000061de        0x2 
 .text.SystemCoreClockGet
                0x00000000000061e0       0x40 build/tsb0//home/karl/SimplicityStudio_v5/developer/sdks/gecko_sdk_suite/v3.2/platform/Device/SiliconLabs/EFR32MG12P/Source/system_efr32mg12p.o
                0x00000000000061e0                SystemCoreClockGet
 .text.SystemMaxCoreClockGet
                0x0000000000006220       0x14 build/tsb0//home/karl/SimplicityStudio_v5/developer/sdks/gecko_sdk_suite/v3.2/platform/Device/SiliconLabs/EFR32MG12P/Source/system_efr32mg12p.o
                0x0000000000006220                SystemMaxCoreClockGet
 .text.SystemHFClockGet
                0x0000000000006234       0x88 build/tsb0//home/karl/SimplicityStudio_v5/developer/sdks/gecko_sdk_suite/v3.2/platform/Device/SiliconLabs/EFR32MG12P/Source/system_efr32mg12p.o
                0x0000000000006234                SystemHFClockGet
 .text.SystemHFXOClockGet
                0x00000000000062bc       0x18 build/tsb0//home/karl/SimplicityStudio_v5/developer/sdks/gecko_sdk_suite/v3.2/platform/Device/SiliconLabs/EFR32MG12P/Source/system_efr32mg12p.o
                0x00000000000062bc                SystemHFXOClockGet
 .text.SystemInit
                0x00000000000062d4       0x2c build/tsb0//home/karl/SimplicityStudio_v5/developer/sdks/gecko_sdk_suite/v3.2/platform/Device/SiliconLabs/EFR32MG12P/Source/system_efr32mg12p.o
                0x00000000000062d4                SystemInit
 .text.SystemLFRCOClockGet
                0x0000000000006300       0x12 build/tsb0//home/karl/SimplicityStudio_v5/developer/sdks/gecko_sdk_suite/v3.2/platform/Device/SiliconLabs/EFR32MG12P/Source/system_efr32mg12p.o
                0x0000000000006300                SystemLFRCOClockGet
 .text.SystemULFRCOClockGet
                0x0000000000006312       0x12 build/tsb0//home/karl/SimplicityStudio_v5/developer/sdks/gecko_sdk_suite/v3.2/platform/Device/SiliconLabs/EFR32MG12P/Source/system_efr32mg12p.o
                0x0000000000006312                SystemULFRCOClockGet
 .text.SystemLFXOClockGet
                0x0000000000006324       0x18 build/tsb0//home/karl/SimplicityStudio_v5/developer/sdks/gecko_sdk_suite/v3.2/platform/Device/SiliconLabs/EFR32MG12P/Source/system_efr32mg12p.o
                0x0000000000006324                SystemLFXOClockGet
 .text.SystemCoreClockUpdate
                0x000000000000633c        0xc build/tsb0//home/karl/node-apps/zoo/thinnect.dev-platforms/make/boards/../../src/boards/tsb0/platform.o
 .text.SYSTEM_GetProdRev
                0x0000000000006348       0x1c build/tsb0//home/karl/node-apps/zoo/thinnect.dev-platforms/make/boards/../../src/boards/tsb0/platform.o
 .text.CHIP_Init
                0x0000000000006364       0x90 build/tsb0//home/karl/node-apps/zoo/thinnect.dev-platforms/make/boards/../../src/boards/tsb0/platform.o
 .text.PLATFORM_Init
                0x00000000000063f4       0x9c build/tsb0//home/karl/node-apps/zoo/thinnect.dev-platforms/make/boards/../../src/boards/tsb0/platform.o
                0x00000000000063f4                PLATFORM_Init
 .text.PLATFORM_LedsInit
                0x0000000000006490       0x38 build/tsb0//home/karl/node-apps/zoo/thinnect.node-platform/silabs/platform_io.o
                0x0000000000006490                PLATFORM_LedsInit
 .text.PLATFORM_ButtonPinInit
                0x00000000000064c8       0x20 build/tsb0//home/karl/node-apps/zoo/thinnect.node-platform/silabs/platform_io.o
                0x00000000000064c8                PLATFORM_ButtonPinInit
 .text          0x00000000000064e8       0x30 /usr/lib/gcc/arm-none-eabi/9.2.1/thumb/v7e-m+fp/softfp/libgcc.a(_aeabi_uldivmod.o)
                0x00000000000064e8                __aeabi_uldivmod
 .text          0x0000000000006518      0x2c4 /usr/lib/gcc/arm-none-eabi/9.2.1/thumb/v7e-m+fp/softfp/libgcc.a(_udivmoddi4.o)
                0x0000000000006518                __udivmoddi4
 .text          0x00000000000067dc        0x4 /usr/lib/gcc/arm-none-eabi/9.2.1/thumb/v7e-m+fp/softfp/libgcc.a(_dvmd_tls.o)
                0x00000000000067dc                __aeabi_ldiv0
                0x00000000000067dc                __aeabi_idiv0
 .text          0x00000000000067e0      0x1a4 /usr/lib/gcc/arm-none-eabi/9.2.1/../../../arm-none-eabi/lib/thumb/v7e-m+fp/softfp/libg.a(lib_a-fflush.o)
                0x00000000000067e0                __sflush_r
                0x000000000000692c                _fflush_r
                0x0000000000006960                fflush
 .text          0x0000000000006984      0x1f4 /usr/lib/gcc/arm-none-eabi/9.2.1/../../../arm-none-eabi/lib/thumb/v7e-m+fp/softfp/libg.a(lib_a-findfp.o)
                0x0000000000006988                _cleanup_r
                0x0000000000006a6c                __sfmoreglue
                0x0000000000006a9c                __sfp
                0x0000000000006b24                _cleanup
                0x0000000000006b38                __sinit
                0x0000000000006b40                __sfp_lock_acquire
                0x0000000000006b44                __sfp_lock_release
                0x0000000000006b48                __sinit_lock_acquire
                0x0000000000006b4c                __sinit_lock_release
                0x0000000000006b50                __fp_lock_all
                0x0000000000006b64                __fp_unlock_all
 .text          0x0000000000006b78      0x294 /usr/lib/gcc/arm-none-eabi/9.2.1/../../../arm-none-eabi/lib/thumb/v7e-m+fp/softfp/libg.a(lib_a-freer.o)
                0x0000000000006b78                _malloc_trim_r
                0x0000000000006c18                _free_r
 .text          0x0000000000006e0c       0xa0 /usr/lib/gcc/arm-none-eabi/9.2.1/../../../arm-none-eabi/lib/thumb/v7e-m+fp/softfp/libg.a(lib_a-fwalk.o)
                0x0000000000006e0c                _fwalk
                0x0000000000006e58                _fwalk_reent
 .text          0x0000000000006eac       0x80 /usr/lib/gcc/arm-none-eabi/9.2.1/../../../arm-none-eabi/lib/thumb/v7e-m+fp/softfp/libg.a(lib_a-fwrite.o)
                0x0000000000006eac                _fwrite_r
                0x0000000000006f10                fwrite
 .text          0x0000000000006f2c      0x564 /usr/lib/gcc/arm-none-eabi/9.2.1/../../../arm-none-eabi/lib/thumb/v7e-m+fp/softfp/libg.a(lib_a-mallocr.o)
                0x0000000000006f2c                _malloc_r
 .text          0x0000000000007490      0x134 /usr/lib/gcc/arm-none-eabi/9.2.1/../../../arm-none-eabi/lib/thumb/v7e-m+fp/softfp/libg.a(lib_a-memcpy.o)
                0x0000000000007490                memcpy
 .text          0x00000000000075c4       0xa0 /usr/lib/gcc/arm-none-eabi/9.2.1/../../../arm-none-eabi/lib/thumb/v7e-m+fp/softfp/libg.a(lib_a-memset.o)
                0x00000000000075c4                memset
 .text          0x0000000000007664        0x8 /usr/lib/gcc/arm-none-eabi/9.2.1/../../../arm-none-eabi/lib/thumb/v7e-m+fp/softfp/libg.a(lib_a-mlock.o)
                0x0000000000007664                __malloc_lock
                0x0000000000007668                __malloc_unlock
 .text          0x000000000000766c       0x24 /usr/lib/gcc/arm-none-eabi/9.2.1/../../../arm-none-eabi/lib/thumb/v7e-m+fp/softfp/libg.a(lib_a-sbrkr.o)
                0x000000000000766c                _sbrk_r
 .text          0x0000000000007690      0x154 /usr/lib/gcc/arm-none-eabi/9.2.1/../../../arm-none-eabi/lib/thumb/v7e-m+fp/softfp/libg.a(lib_a-setvbuf.o)
                0x0000000000007690                setvbuf
 .text          0x00000000000077e4      0x110 /usr/lib/gcc/arm-none-eabi/9.2.1/../../../arm-none-eabi/lib/thumb/v7e-m+fp/softfp/libg.a(lib_a-snprintf.o)
                0x00000000000077e4                _snprintf_r
                0x0000000000007868                snprintf
 .text          0x00000000000078f4       0x90 /usr/lib/gcc/arm-none-eabi/9.2.1/../../../arm-none-eabi/lib/thumb/v7e-m+fp/softfp/libg.a(lib_a-stdio.o)
                0x00000000000078f4                __sread
                0x0000000000007918                __seofread
                0x000000000000791c                __swrite
                0x000000000000795c                __sseek
                0x000000000000797c                __sclose
 *fill*         0x0000000000007984        0x4 
 .text          0x0000000000007988     0x14a4 /usr/lib/gcc/arm-none-eabi/9.2.1/../../../arm-none-eabi/lib/thumb/v7e-m+fp/softfp/libg.a(lib_a-svfprintf.o)
                0x0000000000007988                _svfprintf_r
 .text          0x0000000000008e2c       0x88 /usr/lib/gcc/arm-none-eabi/9.2.1/../../../arm-none-eabi/lib/thumb/v7e-m+fp/softfp/libg.a(lib_a-vsnprintf.o)
                0x0000000000008e2c                _vsnprintf_r
                0x0000000000008e98                vsnprintf
 .text          0x0000000000008eb4       0x2c /usr/lib/gcc/arm-none-eabi/9.2.1/../../../arm-none-eabi/lib/thumb/v7e-m+fp/softfp/libg.a(lib_a-writer.o)
                0x0000000000008eb4                _write_r
 .text          0x0000000000008ee0       0x24 /usr/lib/gcc/arm-none-eabi/9.2.1/../../../arm-none-eabi/lib/thumb/v7e-m+fp/softfp/libg.a(lib_a-closer.o)
                0x0000000000008ee0                _close_r
 *fill*         0x0000000000008f04        0x4 
 .text          0x0000000000008f08      0xfdc /usr/lib/gcc/arm-none-eabi/9.2.1/../../../arm-none-eabi/lib/thumb/v7e-m+fp/softfp/libg.a(lib_a-dtoa.o)
                0x000000000000902c                _dtoa_r
 .text          0x0000000000009ee4       0x98 /usr/lib/gcc/arm-none-eabi/9.2.1/../../../arm-none-eabi/lib/thumb/v7e-m+fp/softfp/libg.a(lib_a-fclose.o)
                0x0000000000009ee4                _fclose_r
                0x0000000000009f6c                fclose
 .text          0x0000000000009f7c      0x308 /usr/lib/gcc/arm-none-eabi/9.2.1/../../../arm-none-eabi/lib/thumb/v7e-m+fp/softfp/libg.a(lib_a-fvwrite.o)
                0x0000000000009f7c                __sfvwrite_r
 .text          0x000000000000a284       0x14 /usr/lib/gcc/arm-none-eabi/9.2.1/../../../arm-none-eabi/lib/thumb/v7e-m+fp/softfp/libg.a(lib_a-localeconv.o)
                0x000000000000a284                __localeconv_l
                0x000000000000a288                _localeconv_r
                0x000000000000a290                localeconv
 .text          0x000000000000a298       0x2c /usr/lib/gcc/arm-none-eabi/9.2.1/../../../arm-none-eabi/lib/thumb/v7e-m+fp/softfp/libg.a(lib_a-lseekr.o)
                0x000000000000a298                _lseek_r
 .text          0x000000000000a2c4       0xf0 /usr/lib/gcc/arm-none-eabi/9.2.1/../../../arm-none-eabi/lib/thumb/v7e-m+fp/softfp/libg.a(lib_a-makebuf.o)
                0x000000000000a2c4                __swhatbuf_r
                0x000000000000a320                __smakebuf_r
 .text          0x000000000000a3b4       0x20 /usr/lib/gcc/arm-none-eabi/9.2.1/../../../arm-none-eabi/lib/thumb/v7e-m+fp/softfp/libg.a(lib_a-malloc.o)
                0x000000000000a3b4                malloc
                0x000000000000a3c4                free
 *fill*         0x000000000000a3d4        0xc 
 .text          0x000000000000a3e0       0xa0 /usr/lib/gcc/arm-none-eabi/9.2.1/../../../arm-none-eabi/lib/thumb/v7e-m+fp/softfp/libg.a(lib_a-memchr.o)
                0x000000000000a3e0                memchr
 .text          0x000000000000a480       0xd0 /usr/lib/gcc/arm-none-eabi/9.2.1/../../../arm-none-eabi/lib/thumb/v7e-m+fp/softfp/libg.a(lib_a-memmove.o)
                0x000000000000a480                memmove
 .text          0x000000000000a550      0x978 /usr/lib/gcc/arm-none-eabi/9.2.1/../../../arm-none-eabi/lib/thumb/v7e-m+fp/softfp/libg.a(lib_a-mprec.o)
                0x000000000000a550                _Balloc
                0x000000000000a59c                _Bfree
                0x000000000000a5b0                __multadd
                0x000000000000a654                __s2b
                0x000000000000a700                __hi0bits
                0x000000000000a740                __lo0bits
                0x000000000000a7a0                __i2b
                0x000000000000a7cc                __multiply
                0x000000000000a918                __pow5mult
                0x000000000000a9b0                __lshift
                0x000000000000aa7c                __mcmp
                0x000000000000aab4                __mdiff
                0x000000000000abdc                __ulp
                0x000000000000ac1c                __b2d
                0x000000000000acd4                __d2b
                0x000000000000ad94                __ratio
                0x000000000000adf0                _mprec_log10
                0x000000000000ae28                __copybits
                0x000000000000ae70                __any_on
 .text          0x000000000000aec8       0x2c /usr/lib/gcc/arm-none-eabi/9.2.1/../../../arm-none-eabi/lib/thumb/v7e-m+fp/softfp/libg.a(lib_a-readr.o)
                0x000000000000aec8                _read_r
 .text          0x000000000000aef4      0x36c /usr/lib/gcc/arm-none-eabi/9.2.1/../../../arm-none-eabi/lib/thumb/v7e-m+fp/softfp/libg.a(lib_a-reallocr.o)
                0x000000000000aef4                _realloc_r
 *fill*         0x000000000000b260       0x20 
 .text          0x000000000000b280       0xdc /usr/lib/gcc/arm-none-eabi/9.2.1/../../../arm-none-eabi/lib/thumb/v7e-m+fp/softfp/libg.a(lib_a-strlen.o)
                0x000000000000b280                strlen
 .text          0x000000000000b35c      0xb64 /usr/lib/gcc/arm-none-eabi/9.2.1/../../../arm-none-eabi/lib/thumb/v7e-m+fp/softfp/libg.a(lib_a-svfiprintf.o)
                0x000000000000b35c                __ssprint_r
                0x000000000000b454                _svfiprintf_r
 .text          0x000000000000bec0       0xd0 /usr/lib/gcc/arm-none-eabi/9.2.1/../../../arm-none-eabi/lib/thumb/v7e-m+fp/softfp/libg.a(lib_a-wsetup.o)
                0x000000000000bec0                __swsetup_r
 .text          0x000000000000bf90       0x48 /usr/lib/gcc/arm-none-eabi/9.2.1/../../../arm-none-eabi/lib/thumb/v7e-m+fp/softfp/libg.a(lib_a-assert.o)
                0x000000000000bf90                __assert_func
                0x000000000000bfcc                __assert
 .text          0x000000000000bfd8       0x60 /usr/lib/gcc/arm-none-eabi/9.2.1/../../../arm-none-eabi/lib/thumb/v7e-m+fp/softfp/libg.a(lib_a-callocr.o)
                0x000000000000bfd8                _calloc_r
 .text          0x000000000000c038       0x44 /usr/lib/gcc/arm-none-eabi/9.2.1/../../../arm-none-eabi/lib/thumb/v7e-m+fp/softfp/libg.a(lib_a-fiprintf.o)
                0x000000000000c038                _fiprintf_r
                0x000000000000c054                fiprintf
 .text          0x000000000000c07c       0x28 /usr/lib/gcc/arm-none-eabi/9.2.1/../../../arm-none-eabi/lib/thumb/v7e-m+fp/softfp/libg.a(lib_a-fstatr.o)
                0x000000000000c07c                _fstat_r
 .text          0x000000000000c0a4       0x24 /usr/lib/gcc/arm-none-eabi/9.2.1/../../../arm-none-eabi/lib/thumb/v7e-m+fp/softfp/libg.a(lib_a-isattyr.o)
                0x000000000000c0a4                _isatty_r
 .text          0x000000000000c0c8       0x5c /usr/lib/gcc/arm-none-eabi/9.2.1/../../../arm-none-eabi/lib/thumb/v7e-m+fp/softfp/libg.a(lib_a-locale.o)
                0x000000000000c0c8                _setlocale_r
                0x000000000000c108                __locale_mb_cur_max
                0x000000000000c114                setlocale
 .text          0x000000000000c124       0x40 /usr/lib/gcc/arm-none-eabi/9.2.1/../../../arm-none-eabi/lib/thumb/v7e-m+fp/softfp/libg.a(lib_a-mbtowc_r.o)
                0x000000000000c124                _mbtowc_r
                0x000000000000c138                __ascii_mbtowc
 *fill*         0x000000000000c164       0x1c 
 .text          0x000000000000c180      0x2dc /usr/lib/gcc/arm-none-eabi/9.2.1/../../../arm-none-eabi/lib/thumb/v7e-m+fp/softfp/libg.a(lib_a-strcmp.o)
                0x000000000000c188                strcmp
 .text          0x000000000000c45c      0xd00 /usr/lib/gcc/arm-none-eabi/9.2.1/../../../arm-none-eabi/lib/thumb/v7e-m+fp/softfp/libg.a(lib_a-vfiprintf.o)
                0x000000000000c4d4                __sprint_r
                0x000000000000c4e8                _vfiprintf_r
                0x000000000000d0d8                vfiprintf
 .text          0x000000000000d15c       0x30 /usr/lib/gcc/arm-none-eabi/9.2.1/../../../arm-none-eabi/lib/thumb/v7e-m+fp/softfp/libg.a(lib_a-wctomb_r.o)
                0x000000000000d15c                _wctomb_r
                0x000000000000d170                __ascii_wctomb
 .text          0x000000000000d18c       0x10 /usr/lib/gcc/arm-none-eabi/9.2.1/../../../arm-none-eabi/lib/thumb/v7e-m+fp/softfp/libg.a(lib_a-abort.o)
                0x000000000000d18c                abort
 .text          0x000000000000d19c      0x110 /usr/lib/gcc/arm-none-eabi/9.2.1/../../../arm-none-eabi/lib/thumb/v7e-m+fp/softfp/libg.a(lib_a-fputwc.o)
                0x000000000000d19c                __fputwc
                0x000000000000d244                _fputwc_r
                0x000000000000d26c                fputwc
 .text          0x000000000000d2ac      0x15c /usr/lib/gcc/arm-none-eabi/9.2.1/../../../arm-none-eabi/lib/thumb/v7e-m+fp/softfp/libg.a(lib_a-signal.o)
                0x000000000000d2d4                _init_signal_r
                0x000000000000d2e0                _signal_r
                0x000000000000d318                _raise_r
                0x000000000000d370                __sigtramp_r
                0x000000000000d3c4                raise
                0x000000000000d3d4                signal
                0x000000000000d3e4                _init_signal
                0x000000000000d3f8                __sigtramp
 .text          0x000000000000d408       0x2c /usr/lib/gcc/arm-none-eabi/9.2.1/../../../arm-none-eabi/lib/thumb/v7e-m+fp/softfp/libg.a(lib_a-signalr.o)
                0x000000000000d408                _kill_r
                0x000000000000d430                _getpid_r
 .text          0x000000000000d434       0xc0 /usr/lib/gcc/arm-none-eabi/9.2.1/../../../arm-none-eabi/lib/thumb/v7e-m+fp/softfp/libg.a(lib_a-wbuf.o)
                0x000000000000d434                __swbuf_r
                0x000000000000d4e4                __swbuf
 .text          0x000000000000d4f4       0x7c /usr/lib/gcc/arm-none-eabi/9.2.1/../../../arm-none-eabi/lib/thumb/v7e-m+fp/softfp/libg.a(lib_a-wcrtomb.o)
                0x000000000000d4f4                _wcrtomb_r
                0x000000000000d528                wcrtomb
 .text          0x000000000000d570      0x378 /usr/lib/gcc/arm-none-eabi/9.2.1/thumb/v7e-m+fp/softfp/libgcc.a(_arm_addsubdf3.o)
                0x000000000000d570                __aeabi_drsub
                0x000000000000d578                __aeabi_dsub
                0x000000000000d578                __subdf3
                0x000000000000d57c                __adddf3
                0x000000000000d57c                __aeabi_dadd
                0x000000000000d7f4                __aeabi_ui2d
                0x000000000000d7f4                __floatunsidf
                0x000000000000d814                __floatsidf
                0x000000000000d814                __aeabi_i2d
                0x000000000000d838                __extendsfdf2
                0x000000000000d838                __aeabi_f2d
                0x000000000000d87c                __aeabi_ul2d
                0x000000000000d87c                __floatundidf
                0x000000000000d88c                __floatdidf
                0x000000000000d88c                __aeabi_l2d
 .text          0x000000000000d8e8      0x424 /usr/lib/gcc/arm-none-eabi/9.2.1/thumb/v7e-m+fp/softfp/libgcc.a(_arm_muldivdf3.o)
                0x000000000000d8e8                __aeabi_dmul
                0x000000000000d8e8                __muldf3
                0x000000000000db3c                __aeabi_ddiv
                0x000000000000db3c                __divdf3
 .text          0x000000000000dd0c      0x110 /usr/lib/gcc/arm-none-eabi/9.2.1/thumb/v7e-m+fp/softfp/libgcc.a(_arm_cmpdf2.o)
                0x000000000000dd0c                __gtdf2
                0x000000000000dd0c                __gedf2
                0x000000000000dd14                __ltdf2
                0x000000000000dd14                __ledf2
                0x000000000000dd1c                __cmpdf2
                0x000000000000dd1c                __eqdf2
                0x000000000000dd1c                __nedf2
                0x000000000000dd98                __aeabi_cdrcmple
                0x000000000000dda8                __aeabi_cdcmple
                0x000000000000dda8                __aeabi_cdcmpeq
                0x000000000000ddb8                __aeabi_dcmpeq
                0x000000000000ddcc                __aeabi_dcmplt
                0x000000000000dde0                __aeabi_dcmple
                0x000000000000ddf4                __aeabi_dcmpge
                0x000000000000de08                __aeabi_dcmpgt
 .text          0x000000000000de1c       0x2c /usr/lib/gcc/arm-none-eabi/9.2.1/thumb/v7e-m+fp/softfp/libgcc.a(_arm_unorddf2.o)
                0x000000000000de1c                __aeabi_dcmpun
                0x000000000000de1c                __unorddf2
 .text          0x000000000000de48       0x50 /usr/lib/gcc/arm-none-eabi/9.2.1/thumb/v7e-m+fp/softfp/libgcc.a(_arm_fixdfsi.o)
                0x000000000000de48                __fixdfsi
                0x000000000000de48                __aeabi_d2iz
 .text          0x000000000000de98       0x1c /usr/lib/gcc/arm-none-eabi/9.2.1/../../../arm-none-eabi/lib/thumb/v7e-m+fp/softfp/libnosys.a(sbrk.o)
                0x000000000000de98                _sbrk
 *(.init)
 *(.fini)
 *crtbegin.o(.ctors)
 *crtbegin?.o(.ctors)
 *(EXCLUDE_FILE(*crtend.o *crtend?.o) .ctors)
 *(SORT_BY_NAME(.ctors.*))
 *(.ctors)
 *crtbegin.o(.dtors)
 *crtbegin?.o(.dtors)
 *(EXCLUDE_FILE(*crtend.o *crtend?.o) .dtors)
 *(SORT_BY_NAME(.dtors.*))
 *(.dtors)
 *(.rodata*)
 .rodata        0x000000000000deb4       0xa1 build/tsb0/i2c_demo_main.o
                0x000000000000deb4                gHeaderData
                0x000000000000df41                gHeaderEnd
                0x000000000000df44                gHeaderSize
 *fill*         0x000000000000df55        0x3 
 .rodata.moduulROM.8547
                0x000000000000df58        0x5 build/tsb0/i2c_demo_main.o
 *fill*         0x000000000000df5d        0x3 
 .rodata.strROM.8548
                0x000000000000df60        0xa build/tsb0/i2c_demo_main.o
 *fill*         0x000000000000df6a        0x2 
 .rodata.moduulROM.8559
                0x000000000000df6c        0x5 build/tsb0/i2c_demo_main.o
 *fill*         0x000000000000df71        0x3 
 .rodata.strROM.8560
                0x000000000000df74       0x17 build/tsb0/i2c_demo_main.o
 *fill*         0x000000000000df8b        0x1 
 .rodata.moduulROM.8561
                0x000000000000df8c        0x5 build/tsb0/i2c_demo_main.o
 *fill*         0x000000000000df91        0x3 
 .rodata.strROM.8562
                0x000000000000df94       0x17 build/tsb0/i2c_demo_main.o
 *fill*         0x000000000000dfab        0x1 
 .rodata.moduulROM.8563
                0x000000000000dfac        0x5 build/tsb0/i2c_demo_main.o
 *fill*         0x000000000000dfb1        0x3 
 .rodata.strROM.8564
                0x000000000000dfb4       0x17 build/tsb0/i2c_demo_main.o
 *fill*         0x000000000000dfcb        0x1 
 .rodata.moduulROM.8572
                0x000000000000dfcc        0x5 build/tsb0/i2c_demo_main.o
 *fill*         0x000000000000dfd1        0x3 
 .rodata.strROM.8573
                0x000000000000dfd4       0x1e build/tsb0/i2c_demo_main.o
 *fill*         0x000000000000dff2        0x2 
 .rodata.moduulROM.8576
                0x000000000000dff4        0x5 build/tsb0/i2c_demo_main.o
 *fill*         0x000000000000dff9        0x3 
 .rodata.strROM.8577
                0x000000000000dffc        0xf build/tsb0/i2c_demo_main.o
 *fill*         0x000000000000e00b        0x1 
 .rodata        0x000000000000e00c        0x5 build/tsb0//home/karl/node-apps/zoo/FreeRTOS-Kernel/tasks.o
 *fill*         0x000000000000e011        0x3 
 .rodata        0x000000000000e014        0x8 build/tsb0//home/karl/node-apps/zoo/FreeRTOS-Kernel/timers.o
 .rodata        0x000000000000e01c       0x1c build/tsb0//home/karl/SimplicityStudio_v5/developer/sdks/gecko_sdk_suite/v3.2/hardware/kit/common/drivers/retargetserial.o
 .rodata.flashWsTable
                0x000000000000e038       0x28 build/tsb0//home/karl/SimplicityStudio_v5/developer/sdks/gecko_sdk_suite/v3.2/platform/emlib/src/em_cmu.o
 .rodata.resetCauseMasks
                0x000000000000e060       0x48 build/tsb0//home/karl/SimplicityStudio_v5/developer/sdks/gecko_sdk_suite/v3.2/platform/emlib/src/em_rmu.o
 .rodata.i2cNSum
                0x000000000000e0a8        0x4 build/tsb0//home/karl/SimplicityStudio_v5/developer/sdks/gecko_sdk_suite/v3.2/platform/emlib/src/em_i2c.o
 .rodata        0x000000000000e0ac       0x3d build/tsb0//home/karl/node-apps/zoo/thinnect.lll/logging/loggers_ext.o
 *fill*         0x000000000000e0e9        0x3 
 .rodata        0x000000000000e0ec       0x12 build/tsb0//home/karl/node-apps/zoo/thinnect.dev-platforms/make/boards/../../src/boards/tsb0/platform.o
 *fill*         0x000000000000e0fe        0x2 
 .rodata        0x000000000000e100        0x4 /usr/lib/gcc/arm-none-eabi/9.2.1/../../../arm-none-eabi/lib/thumb/v7e-m+fp/softfp/libg.a(lib_a-impure.o)
                0x000000000000e100                _global_impure_ptr
 .rodata        0x000000000000e104       0x20 /usr/lib/gcc/arm-none-eabi/9.2.1/../../../arm-none-eabi/lib/thumb/v7e-m+fp/softfp/libg.a(lib_a-svfprintf.o)
 .rodata.str1.4
                0x000000000000e124       0x42 /usr/lib/gcc/arm-none-eabi/9.2.1/../../../arm-none-eabi/lib/thumb/v7e-m+fp/softfp/libg.a(lib_a-svfprintf.o)
 *fill*         0x000000000000e166        0x2 
 .rodata.str1.4
                0x000000000000e168       0x56 /usr/lib/gcc/arm-none-eabi/9.2.1/../../../arm-none-eabi/lib/thumb/v7e-m+fp/softfp/libg.a(lib_a-dtoa.o)
                                         0x5a (size before relaxing)
 *fill*         0x000000000000e1be        0x2 
 .rodata        0x000000000000e1c0      0x128 /usr/lib/gcc/arm-none-eabi/9.2.1/../../../arm-none-eabi/lib/thumb/v7e-m+fp/softfp/libg.a(lib_a-mprec.o)
                0x000000000000e1d0                __mprec_tens
                0x000000000000e298                __mprec_tinytens
                0x000000000000e2c0                __mprec_bigtens
 .rodata.str1.4
                0x000000000000e2e8       0x33 /usr/lib/gcc/arm-none-eabi/9.2.1/../../../arm-none-eabi/lib/thumb/v7e-m+fp/softfp/libg.a(lib_a-mprec.o)
                                         0x47 (size before relaxing)
 *fill*         0x000000000000e31b        0x1 
 .rodata        0x000000000000e31c       0x20 /usr/lib/gcc/arm-none-eabi/9.2.1/../../../arm-none-eabi/lib/thumb/v7e-m+fp/softfp/libg.a(lib_a-svfiprintf.o)
 .rodata.str1.4
                0x000000000000e33c       0x2f /usr/lib/gcc/arm-none-eabi/9.2.1/../../../arm-none-eabi/lib/thumb/v7e-m+fp/softfp/libg.a(lib_a-svfiprintf.o)
 .rodata.str1.4
                0x000000000000e33c       0x3f /usr/lib/gcc/arm-none-eabi/9.2.1/../../../arm-none-eabi/lib/thumb/v7e-m+fp/softfp/libg.a(lib_a-assert.o)
                                         0x43 (size before relaxing)
 *fill*         0x000000000000e37b        0x1 
 .rodata.str1.4
                0x000000000000e37c        0xe /usr/lib/gcc/arm-none-eabi/9.2.1/../../../arm-none-eabi/lib/thumb/v7e-m+fp/softfp/libg.a(lib_a-locale.o)
                                         0x12 (size before relaxing)
 *fill*         0x000000000000e38a        0x2 
 .rodata        0x000000000000e38c       0x20 /usr/lib/gcc/arm-none-eabi/9.2.1/../../../arm-none-eabi/lib/thumb/v7e-m+fp/softfp/libg.a(lib_a-vfiprintf.o)
 .rodata.str1.4
                0x000000000000e3ac       0x2f /usr/lib/gcc/arm-none-eabi/9.2.1/../../../arm-none-eabi/lib/thumb/v7e-m+fp/softfp/libg.a(lib_a-vfiprintf.o)
 .rodata        0x000000000000e3ac      0x101 /usr/lib/gcc/arm-none-eabi/9.2.1/../../../arm-none-eabi/lib/thumb/v7e-m+fp/softfp/libg.a(lib_a-ctype_.o)
                0x000000000000e3ac                _ctype_
 *(.eh_frame*)

.glue_7         0x000000000000e4b0        0x0
 .glue_7        0x000000000000e4b0        0x0 linker stubs

.glue_7t        0x000000000000e4b0        0x0
 .glue_7t       0x000000000000e4b0        0x0 linker stubs

.vfp11_veneer   0x000000000000e4b0        0x0
 .vfp11_veneer  0x000000000000e4b0        0x0 linker stubs

.v4_bx          0x000000000000e4b0        0x0
 .v4_bx         0x000000000000e4b0        0x0 linker stubs

.iplt           0x000000000000e4b0        0x0
 .iplt          0x000000000000e4b0        0x0 build/tsb0/i2c_demo_main.o

.ARM.extab
 *(.ARM.extab* .gnu.linkonce.armextab.*)
                0x000000000000e4ad                __exidx_start = .

.ARM.exidx      0x000000000000e4b0        0x8
 *(.ARM.exidx* .gnu.linkonce.armexidx.*)
 .ARM.exidx     0x000000000000e4b0        0x8 /usr/lib/gcc/arm-none-eabi/9.2.1/thumb/v7e-m+fp/softfp/libgcc.a(_udivmoddi4.o)
                0x000000000000e4b8                __exidx_end = .
                0x000000000000e4b8                __etext = .

.rel.dyn        0x000000000000e4b8        0x0
 .rel.iplt      0x000000000000e4b8        0x0 build/tsb0/i2c_demo_main.o

.data           0x0000000020000000      0x9e4 load address 0x000000000000e4b8
                0x0000000020000000                __data_start__ = .
 *(vtable)
 *(.data*)
 .data.init.7649
                0x0000000020000000       0x10 build/tsb0/i2c_handler.o
 .data.uxCriticalNesting
                0x0000000020000010        0x4 build/tsb0//home/karl/node-apps/zoo/FreeRTOS-Kernel/portable/GCC/ARM_CM4F/port.o
 .data.xHeapRegions
                0x0000000020000014       0x10 build/tsb0//home/karl/node-apps/zoo/thinnect.cmsis-freertos/CMSIS-FreeRTOS/CMSIS/RTOS2/FreeRTOS/Source/cmsis_os2.o
 .data.auxHfrcoFreq
                0x0000000020000024        0x4 build/tsb0//home/karl/SimplicityStudio_v5/developer/sdks/gecko_sdk_suite/v3.2/platform/emlib/src/em_cmu.o
 .data.SystemHFXOClock
                0x0000000020000028        0x4 build/tsb0//home/karl/SimplicityStudio_v5/developer/sdks/gecko_sdk_suite/v3.2/platform/Device/SiliconLabs/EFR32MG12P/Source/system_efr32mg12p.o
 .data.SystemLFXOClock
                0x000000002000002c        0x4 build/tsb0//home/karl/SimplicityStudio_v5/developer/sdks/gecko_sdk_suite/v3.2/platform/Device/SiliconLabs/EFR32MG12P/Source/system_efr32mg12p.o
 .data.SystemCoreClock
                0x0000000020000030        0x4 build/tsb0//home/karl/SimplicityStudio_v5/developer/sdks/gecko_sdk_suite/v3.2/platform/Device/SiliconLabs/EFR32MG12P/Source/system_efr32mg12p.o
                0x0000000020000030                SystemCoreClock
 .data.SystemHfrcoFreq
                0x0000000020000034        0x4 build/tsb0//home/karl/SimplicityStudio_v5/developer/sdks/gecko_sdk_suite/v3.2/platform/Device/SiliconLabs/EFR32MG12P/Source/system_efr32mg12p.o
                0x0000000020000034                SystemHfrcoFreq
 .data          0x0000000020000038      0x430 /usr/lib/gcc/arm-none-eabi/9.2.1/../../../arm-none-eabi/lib/thumb/v7e-m+fp/softfp/libg.a(lib_a-impure.o)
                0x0000000020000038                _impure_ptr
 .data          0x0000000020000468      0x410 /usr/lib/gcc/arm-none-eabi/9.2.1/../../../arm-none-eabi/lib/thumb/v7e-m+fp/softfp/libg.a(lib_a-mallocr.o)
                0x0000000020000468                __malloc_av_
                0x0000000020000870                __malloc_sbrk_base
                0x0000000020000874                __malloc_trim_threshold
 .data          0x0000000020000878      0x16c /usr/lib/gcc/arm-none-eabi/9.2.1/../../../arm-none-eabi/lib/thumb/v7e-m+fp/softfp/libg.a(lib_a-locale.o)
                0x0000000020000878                __global_locale
                0x00000000200009e4                . = ALIGN (0x4)
                [!provide]                        PROVIDE (__ram_func_section_start = .)
 *(.ram)
                [!provide]                        PROVIDE (__ram_func_section_end = .)
                0x00000000200009e4                . = ALIGN (0x4)
                [!provide]                        PROVIDE (__preinit_array_start = .)
 *(.preinit_array)
                [!provide]                        PROVIDE (__preinit_array_end = .)
                0x00000000200009e4                . = ALIGN (0x4)
                [!provide]                        PROVIDE (__init_array_start = .)
 *(SORT_BY_NAME(.init_array.*))
 *(.init_array)
                [!provide]                        PROVIDE (__init_array_end = .)
                0x00000000200009e4                . = ALIGN (0x4)
                [!provide]                        PROVIDE (__fini_array_start = .)
 *(SORT_BY_NAME(.fini_array.*))
 *(.fini_array)
                [!provide]                        PROVIDE (__fini_array_end = .)
 *(.jcr*)
                0x00000000200009e4                . = ALIGN (0x4)
                0x00000000200009e4                __data_end__ = .

.igot.plt       0x00000000200009e4        0x0 load address 0x000000000000ee9c
 .igot.plt      0x00000000200009e4        0x0 build/tsb0/i2c_demo_main.o

.bss            0x00000000200009e4     0xbbf8 load address 0x000000000000ee9c
                0x00000000200009e4                . = ALIGN (0x4)
                0x00000000200009e4                __bss_start__ = .
 *(.bss*)
 .bss.ucMaxSysCallPriority
                0x00000000200009e4        0x1 build/tsb0//home/karl/node-apps/zoo/FreeRTOS-Kernel/portable/GCC/ARM_CM4F/port.o
 *fill*         0x00000000200009e5        0x3 
 .bss.ulMaxPRIGROUPValue
                0x00000000200009e8        0x4 build/tsb0//home/karl/node-apps/zoo/FreeRTOS-Kernel/portable/GCC/ARM_CM4F/port.o
 .bss.xStart    0x00000000200009ec        0x8 build/tsb0//home/karl/node-apps/zoo/FreeRTOS-Kernel/portable/MemMang/heap_5.o
 .bss.pxEnd     0x00000000200009f4        0x4 build/tsb0//home/karl/node-apps/zoo/FreeRTOS-Kernel/portable/MemMang/heap_5.o
 .bss.xFreeBytesRemaining
                0x00000000200009f8        0x4 build/tsb0//home/karl/node-apps/zoo/FreeRTOS-Kernel/portable/MemMang/heap_5.o
 .bss.xMinimumEverFreeBytesRemaining
                0x00000000200009fc        0x4 build/tsb0//home/karl/node-apps/zoo/FreeRTOS-Kernel/portable/MemMang/heap_5.o
 .bss.xNumberOfSuccessfulAllocations
                0x0000000020000a00        0x4 build/tsb0//home/karl/node-apps/zoo/FreeRTOS-Kernel/portable/MemMang/heap_5.o
 .bss.xNumberOfSuccessfulFrees
                0x0000000020000a04        0x4 build/tsb0//home/karl/node-apps/zoo/FreeRTOS-Kernel/portable/MemMang/heap_5.o
 .bss.xBlockAllocatedBit
                0x0000000020000a08        0x4 build/tsb0//home/karl/node-apps/zoo/FreeRTOS-Kernel/portable/MemMang/heap_5.o
 .bss.pxCurrentTCB
                0x0000000020000a0c        0x4 build/tsb0//home/karl/node-apps/zoo/FreeRTOS-Kernel/tasks.o
                0x0000000020000a0c                pxCurrentTCB
 .bss.pxReadyTasksLists
                0x0000000020000a10      0x460 build/tsb0//home/karl/node-apps/zoo/FreeRTOS-Kernel/tasks.o
 .bss.xDelayedTaskList1
                0x0000000020000e70       0x14 build/tsb0//home/karl/node-apps/zoo/FreeRTOS-Kernel/tasks.o
 .bss.xDelayedTaskList2
                0x0000000020000e84       0x14 build/tsb0//home/karl/node-apps/zoo/FreeRTOS-Kernel/tasks.o
 .bss.pxDelayedTaskList
                0x0000000020000e98        0x4 build/tsb0//home/karl/node-apps/zoo/FreeRTOS-Kernel/tasks.o
 .bss.pxOverflowDelayedTaskList
                0x0000000020000e9c        0x4 build/tsb0//home/karl/node-apps/zoo/FreeRTOS-Kernel/tasks.o
 .bss.xPendingReadyList
                0x0000000020000ea0       0x14 build/tsb0//home/karl/node-apps/zoo/FreeRTOS-Kernel/tasks.o
 .bss.xTasksWaitingTermination
                0x0000000020000eb4       0x14 build/tsb0//home/karl/node-apps/zoo/FreeRTOS-Kernel/tasks.o
 .bss.uxDeletedTasksWaitingCleanUp
                0x0000000020000ec8        0x4 build/tsb0//home/karl/node-apps/zoo/FreeRTOS-Kernel/tasks.o
 .bss.xSuspendedTaskList
                0x0000000020000ecc       0x14 build/tsb0//home/karl/node-apps/zoo/FreeRTOS-Kernel/tasks.o
 .bss.uxCurrentNumberOfTasks
                0x0000000020000ee0        0x4 build/tsb0//home/karl/node-apps/zoo/FreeRTOS-Kernel/tasks.o
 .bss.xTickCount
                0x0000000020000ee4        0x4 build/tsb0//home/karl/node-apps/zoo/FreeRTOS-Kernel/tasks.o
 .bss.uxTopReadyPriority
                0x0000000020000ee8        0x4 build/tsb0//home/karl/node-apps/zoo/FreeRTOS-Kernel/tasks.o
 .bss.xSchedulerRunning
                0x0000000020000eec        0x4 build/tsb0//home/karl/node-apps/zoo/FreeRTOS-Kernel/tasks.o
 .bss.xPendedTicks
                0x0000000020000ef0        0x4 build/tsb0//home/karl/node-apps/zoo/FreeRTOS-Kernel/tasks.o
 .bss.xYieldPending
                0x0000000020000ef4        0x4 build/tsb0//home/karl/node-apps/zoo/FreeRTOS-Kernel/tasks.o
 .bss.xNumOfOverflows
                0x0000000020000ef8        0x4 build/tsb0//home/karl/node-apps/zoo/FreeRTOS-Kernel/tasks.o
 .bss.uxTaskNumber
                0x0000000020000efc        0x4 build/tsb0//home/karl/node-apps/zoo/FreeRTOS-Kernel/tasks.o
 .bss.xNextTaskUnblockTime
                0x0000000020000f00        0x4 build/tsb0//home/karl/node-apps/zoo/FreeRTOS-Kernel/tasks.o
 .bss.xIdleTaskHandle
                0x0000000020000f04        0x4 build/tsb0//home/karl/node-apps/zoo/FreeRTOS-Kernel/tasks.o
 .bss.uxSchedulerSuspended
                0x0000000020000f08        0x4 build/tsb0//home/karl/node-apps/zoo/FreeRTOS-Kernel/tasks.o
 .bss.xActiveTimerList1
                0x0000000020000f0c       0x14 build/tsb0//home/karl/node-apps/zoo/FreeRTOS-Kernel/timers.o
 .bss.xActiveTimerList2
                0x0000000020000f20       0x14 build/tsb0//home/karl/node-apps/zoo/FreeRTOS-Kernel/timers.o
 .bss.pxCurrentTimerList
                0x0000000020000f34        0x4 build/tsb0//home/karl/node-apps/zoo/FreeRTOS-Kernel/timers.o
 .bss.pxOverflowTimerList
                0x0000000020000f38        0x4 build/tsb0//home/karl/node-apps/zoo/FreeRTOS-Kernel/timers.o
 .bss.xTimerQueue
                0x0000000020000f3c        0x4 build/tsb0//home/karl/node-apps/zoo/FreeRTOS-Kernel/timers.o
 .bss.xTimerTaskHandle
                0x0000000020000f40        0x4 build/tsb0//home/karl/node-apps/zoo/FreeRTOS-Kernel/timers.o
 .bss.xLastTime.8171
                0x0000000020000f44        0x4 build/tsb0//home/karl/node-apps/zoo/FreeRTOS-Kernel/timers.o
 .bss.ucStaticTimerQueueStorage.8222
                0x0000000020000f48      0x500 build/tsb0//home/karl/node-apps/zoo/FreeRTOS-Kernel/timers.o
 .bss.xStaticTimerQueue.8221
                0x0000000020001448       0x50 build/tsb0//home/karl/node-apps/zoo/FreeRTOS-Kernel/timers.o
 .bss.KernelState
                0x0000000020001498        0x4 build/tsb0//home/karl/node-apps/zoo/thinnect.cmsis-freertos/CMSIS-FreeRTOS/CMSIS/RTOS2/FreeRTOS/Source/cmsis_os2.o
 .bss.ucHeap    0x000000002000149c     0xa000 build/tsb0//home/karl/node-apps/zoo/thinnect.cmsis-freertos/CMSIS-FreeRTOS/CMSIS/RTOS2/FreeRTOS/Source/cmsis_os2.o
 .bss.Idle_TCB.8756
                0x000000002000b49c       0x60 build/tsb0//home/karl/node-apps/zoo/thinnect.cmsis-freertos/CMSIS-FreeRTOS/CMSIS/RTOS2/FreeRTOS/Source/cmsis_os2.o
 .bss.Idle_Stack.8757
                0x000000002000b4fc      0x800 build/tsb0//home/karl/node-apps/zoo/thinnect.cmsis-freertos/CMSIS-FreeRTOS/CMSIS/RTOS2/FreeRTOS/Source/cmsis_os2.o
 .bss.Timer_TCB.8763
                0x000000002000bcfc       0x60 build/tsb0//home/karl/node-apps/zoo/thinnect.cmsis-freertos/CMSIS-FreeRTOS/CMSIS/RTOS2/FreeRTOS/Source/cmsis_os2.o
 .bss.Timer_Stack.8764
                0x000000002000bd5c      0x800 build/tsb0//home/karl/node-apps/zoo/thinnect.cmsis-freertos/CMSIS-FreeRTOS/CMSIS/RTOS2/FreeRTOS/Source/cmsis_os2.o
 .bss.rxReadIndex
                0x000000002000c55c        0x4 build/tsb0//home/karl/SimplicityStudio_v5/developer/sdks/gecko_sdk_suite/v3.2/hardware/kit/common/drivers/retargetserial.o
 .bss.rxWriteIndex
                0x000000002000c560        0x4 build/tsb0//home/karl/SimplicityStudio_v5/developer/sdks/gecko_sdk_suite/v3.2/hardware/kit/common/drivers/retargetserial.o
 .bss.rxCount   0x000000002000c564        0x4 build/tsb0//home/karl/SimplicityStudio_v5/developer/sdks/gecko_sdk_suite/v3.2/hardware/kit/common/drivers/retargetserial.o
 .bss.rxBuffer  0x000000002000c568        0x8 build/tsb0//home/karl/SimplicityStudio_v5/developer/sdks/gecko_sdk_suite/v3.2/hardware/kit/common/drivers/retargetserial.o
 .bss.LFtoCRLF  0x000000002000c570        0x1 build/tsb0//home/karl/SimplicityStudio_v5/developer/sdks/gecko_sdk_suite/v3.2/hardware/kit/common/drivers/retargetserial.o
 .bss.initialized
                0x000000002000c571        0x1 build/tsb0//home/karl/SimplicityStudio_v5/developer/sdks/gecko_sdk_suite/v3.2/hardware/kit/common/drivers/retargetserial.o
 *fill*         0x000000002000c572        0x2 
 .bss.vScaleEM01Config
                0x000000002000c574        0x1 build/tsb0//home/karl/SimplicityStudio_v5/developer/sdks/gecko_sdk_suite/v3.2/platform/emlib/src/em_emu.o
 *fill*         0x000000002000c575        0x3 
 .bss.i2cTransfer
                0x000000002000c578       0x18 build/tsb0//home/karl/SimplicityStudio_v5/developer/sdks/gecko_sdk_suite/v3.2/platform/emlib/src/em_i2c.o
 .bss.log_mutex
                0x000000002000c590        0x4 build/tsb0//home/karl/node-apps/zoo/thinnect.node-platform/silabs/logger_fwrite.o
 .bss.log_put_func
                0x000000002000c594        0x4 build/tsb0//home/karl/node-apps/zoo/thinnect.lll/logging/loggers_ext.o
 .bss.log_time_func
                0x000000002000c598        0x4 build/tsb0//home/karl/node-apps/zoo/thinnect.lll/logging/loggers_ext.o
 .bss.log_level
                0x000000002000c59c        0x2 build/tsb0//home/karl/node-apps/zoo/thinnect.lll/logging/loggers_ext.o
 *fill*         0x000000002000c59e        0x2 
 .bss           0x000000002000c5a0       0x34 /usr/lib/gcc/arm-none-eabi/9.2.1/../../../arm-none-eabi/lib/thumb/v7e-m+fp/softfp/libg.a(lib_a-mallocr.o)
                0x000000002000c5a0                __malloc_top_pad
                0x000000002000c5a4                __malloc_current_mallinfo
                0x000000002000c5cc                __malloc_max_sbrked_mem
                0x000000002000c5d0                __malloc_max_total_mem
 .bss           0x000000002000c5d4        0x4 /usr/lib/gcc/arm-none-eabi/9.2.1/../../../arm-none-eabi/lib/thumb/v7e-m+fp/softfp/libnosys.a(sbrk.o)
 *(COMMON)
 COMMON         0x000000002000c5d8        0x4 /usr/lib/gcc/arm-none-eabi/9.2.1/../../../arm-none-eabi/lib/thumb/v7e-m+fp/softfp/libg.a(lib_a-reent.o)
                0x000000002000c5d8                errno
                0x000000002000c5dc                . = ALIGN (0x4)
                0x000000002000c5dc                __bss_end__ = .

.heap           0x000000002000c5e0      0xc00
                0x000000002000c5e0                __HeapBase = .
                0x000000002000c5e0                __end__ = .
                0x000000002000c5e0                end = __end__
                0x000000002000c5e0                _end = __end__
 *(.heap*)
 .heap          0x000000002000c5e0      0xc00 build/tsb0//home/karl/SimplicityStudio_v5/developer/sdks/gecko_sdk_suite/v3.2/platform/Device/SiliconLabs/EFR32MG12P/Source/GCC/startup_efr32mg12p.o
                0x000000002000d1e0                __HeapLimit = .

.stack_dummy    0x000000002000d1e0      0x400
 *(.stack*)
 .stack         0x000000002000d1e0      0x400 build/tsb0//home/karl/SimplicityStudio_v5/developer/sdks/gecko_sdk_suite/v3.2/platform/Device/SiliconLabs/EFR32MG12P/Source/GCC/startup_efr32mg12p.o
                0x0000000020040000                __StackTop = (ORIGIN (RAM) + LENGTH (RAM))
                0x000000002003fc00                __StackLimit = (__StackTop - SIZEOF (.stack_dummy))
                [!provide]                        PROVIDE (__stack = __StackTop)
                0x0000000000000001                ASSERT ((__StackLimit >= __HeapLimit), region RAM overflowed with stack)
                0x0000000000000001                ASSERT ((LENGTH (FLASH) >= (__etext + SIZEOF (.data))), FLASH memory overflowed !)
START GROUP
LOAD /usr/lib/gcc/arm-none-eabi/9.2.1/thumb/v7e-m+fp/softfp/libgcc.a
LOAD /usr/lib/gcc/arm-none-eabi/9.2.1/../../../arm-none-eabi/lib/thumb/v7e-m+fp/softfp/libg.a
LOAD /usr/lib/gcc/arm-none-eabi/9.2.1/../../../arm-none-eabi/lib/thumb/v7e-m+fp/softfp/libc.a
END GROUP
START GROUP
LOAD /usr/lib/gcc/arm-none-eabi/9.2.1/thumb/v7e-m+fp/softfp/libgcc.a
LOAD /usr/lib/gcc/arm-none-eabi/9.2.1/../../../arm-none-eabi/lib/thumb/v7e-m+fp/softfp/libc.a
LOAD /usr/lib/gcc/arm-none-eabi/9.2.1/../../../arm-none-eabi/lib/thumb/v7e-m+fp/softfp/libnosys.a
END GROUP
OUTPUT(build/tsb0/i2c-demo.elf elf32-littlearm)
LOAD linker stubs

.debug_info     0x0000000000000000    0x497a7
 .debug_info    0x0000000000000000      0xf8b build/tsb0/i2c_demo_main.o
 .debug_info    0x0000000000000f8b      0x671 build/tsb0/i2c_handler.o
 .debug_info    0x00000000000015fc      0x443 build/tsb0//home/karl/node-apps/zoo/FreeRTOS-Kernel/portable/GCC/ARM_CM4F/port.o
 .debug_info    0x0000000000001a3f      0xd8d build/tsb0//home/karl/node-apps/zoo/FreeRTOS-Kernel/portable/MemMang/heap_5.o
 .debug_info    0x00000000000027cc     0x1d96 build/tsb0//home/karl/node-apps/zoo/FreeRTOS-Kernel/queue.o
 .debug_info    0x0000000000004562      0xbcd build/tsb0//home/karl/node-apps/zoo/FreeRTOS-Kernel/list.o
 .debug_info    0x000000000000512f     0x267e build/tsb0//home/karl/node-apps/zoo/FreeRTOS-Kernel/tasks.o
 .debug_info    0x00000000000077ad     0x1a10 build/tsb0//home/karl/node-apps/zoo/FreeRTOS-Kernel/timers.o
 .debug_info    0x00000000000091bd     0x4ac7 build/tsb0//home/karl/node-apps/zoo/thinnect.cmsis-freertos/CMSIS-FreeRTOS/CMSIS/RTOS2/FreeRTOS/Source/cmsis_os2.o
 .debug_info    0x000000000000dc84     0x15cb build/tsb0//home/karl/SimplicityStudio_v5/developer/sdks/gecko_sdk_suite/v3.2/hardware/kit/common/drivers/retargetserial.o
 .debug_info    0x000000000000f24f      0xdaa build/tsb0//home/karl/SimplicityStudio_v5/developer/sdks/gecko_sdk_suite/v3.2/hardware/kit/common/drivers/retargetio.o